main.c:142:6:MEMS_Write	16	static
main.c:149:6:MEMS_Read	16	static
main.c:157:6:Sensor_init	8	static
main.c:171:6:Press	16	static
main.c:180:6:HAL_GPIO_EXTI_Callback	24	static,ignoring_inline_asm
main.c:188:6:Joystick_detection	16	static
main.c:239:6:Handler_TASK	24	static
main.c:261:5:main	16	static
main.c:330:6:SystemClock_Config	88	static
main.c:374:13:MX_ADC1_Init	24	static
main.c:432:13:MX_ADC2_Init	24	static
main.c:490:13:MX_SPI1_Init	8	static
main.c:528:13:MX_GPIO_Init	56	static
main.c:608:6:HAL_TIM_PeriodElapsedCallback	16	static
main.c:625:6:Error_Handler	4	static,ignoring_inline_asm
