Archive member included to satisfy reference by file (symbol)

c:/st/stm32cubeide_1.8.0/stm32cubeide/plugins/com.st.stm32cube.ide.mcu.externaltools.gnu-tools-for-stm32.9-2020-q2-update.win32_2.0.0.202105311346/tools/bin/../lib/gcc/arm-none-eabi/9.3.1/../../../../arm-none-eabi/lib/thumb/v7e-m+fp/hard\libc_nano.a(lib_a-errno.o)
                              ./Core/Src/syscalls.o (__errno)
c:/st/stm32cubeide_1.8.0/stm32cubeide/plugins/com.st.stm32cube.ide.mcu.externaltools.gnu-tools-for-stm32.9-2020-q2-update.win32_2.0.0.202105311346/tools/bin/../lib/gcc/arm-none-eabi/9.3.1/../../../../arm-none-eabi/lib/thumb/v7e-m+fp/hard\libc_nano.a(lib_a-exit.o)
                              c:/st/stm32cubeide_1.8.0/stm32cubeide/plugins/com.st.stm32cube.ide.mcu.externaltools.gnu-tools-for-stm32.9-2020-q2-update.win32_2.0.0.202105311346/tools/bin/../lib/gcc/arm-none-eabi/9.3.1/../../../../arm-none-eabi/lib/thumb/v7e-m+fp/hard/crt0.o (exit)
c:/st/stm32cubeide_1.8.0/stm32cubeide/plugins/com.st.stm32cube.ide.mcu.externaltools.gnu-tools-for-stm32.9-2020-q2-update.win32_2.0.0.202105311346/tools/bin/../lib/gcc/arm-none-eabi/9.3.1/../../../../arm-none-eabi/lib/thumb/v7e-m+fp/hard\libc_nano.a(lib_a-impure.o)
                              c:/st/stm32cubeide_1.8.0/stm32cubeide/plugins/com.st.stm32cube.ide.mcu.externaltools.gnu-tools-for-stm32.9-2020-q2-update.win32_2.0.0.202105311346/tools/bin/../lib/gcc/arm-none-eabi/9.3.1/../../../../arm-none-eabi/lib/thumb/v7e-m+fp/hard\libc_nano.a(lib_a-exit.o) (_global_impure_ptr)
c:/st/stm32cubeide_1.8.0/stm32cubeide/plugins/com.st.stm32cube.ide.mcu.externaltools.gnu-tools-for-stm32.9-2020-q2-update.win32_2.0.0.202105311346/tools/bin/../lib/gcc/arm-none-eabi/9.3.1/../../../../arm-none-eabi/lib/thumb/v7e-m+fp/hard\libc_nano.a(lib_a-init.o)
                              c:/st/stm32cubeide_1.8.0/stm32cubeide/plugins/com.st.stm32cube.ide.mcu.externaltools.gnu-tools-for-stm32.9-2020-q2-update.win32_2.0.0.202105311346/tools/bin/../lib/gcc/arm-none-eabi/9.3.1/../../../../arm-none-eabi/lib/thumb/v7e-m+fp/hard/crt0.o (__libc_init_array)
c:/st/stm32cubeide_1.8.0/stm32cubeide/plugins/com.st.stm32cube.ide.mcu.externaltools.gnu-tools-for-stm32.9-2020-q2-update.win32_2.0.0.202105311346/tools/bin/../lib/gcc/arm-none-eabi/9.3.1/../../../../arm-none-eabi/lib/thumb/v7e-m+fp/hard\libc_nano.a(lib_a-memcpy-stub.o)
                              ./FreeRTOS/queue.o (memcpy)
c:/st/stm32cubeide_1.8.0/stm32cubeide/plugins/com.st.stm32cube.ide.mcu.externaltools.gnu-tools-for-stm32.9-2020-q2-update.win32_2.0.0.202105311346/tools/bin/../lib/gcc/arm-none-eabi/9.3.1/../../../../arm-none-eabi/lib/thumb/v7e-m+fp/hard\libc_nano.a(lib_a-memset.o)
                              c:/st/stm32cubeide_1.8.0/stm32cubeide/plugins/com.st.stm32cube.ide.mcu.externaltools.gnu-tools-for-stm32.9-2020-q2-update.win32_2.0.0.202105311346/tools/bin/../lib/gcc/arm-none-eabi/9.3.1/../../../../arm-none-eabi/lib/thumb/v7e-m+fp/hard/crt0.o (memset)
c:/st/stm32cubeide_1.8.0/stm32cubeide/plugins/com.st.stm32cube.ide.mcu.externaltools.gnu-tools-for-stm32.9-2020-q2-update.win32_2.0.0.202105311346/tools/bin/../lib/gcc/arm-none-eabi/9.3.1/thumb/v7e-m+fp/hard\libgcc.a(_aeabi_uldivmod.o)
                              ./Drivers/STM32F4xx_HAL_Driver/Src/stm32f4xx_hal_rcc.o (__aeabi_uldivmod)
c:/st/stm32cubeide_1.8.0/stm32cubeide/plugins/com.st.stm32cube.ide.mcu.externaltools.gnu-tools-for-stm32.9-2020-q2-update.win32_2.0.0.202105311346/tools/bin/../lib/gcc/arm-none-eabi/9.3.1/thumb/v7e-m+fp/hard\libgcc.a(_udivmoddi4.o)
                              c:/st/stm32cubeide_1.8.0/stm32cubeide/plugins/com.st.stm32cube.ide.mcu.externaltools.gnu-tools-for-stm32.9-2020-q2-update.win32_2.0.0.202105311346/tools/bin/../lib/gcc/arm-none-eabi/9.3.1/thumb/v7e-m+fp/hard\libgcc.a(_aeabi_uldivmod.o) (__udivmoddi4)
c:/st/stm32cubeide_1.8.0/stm32cubeide/plugins/com.st.stm32cube.ide.mcu.externaltools.gnu-tools-for-stm32.9-2020-q2-update.win32_2.0.0.202105311346/tools/bin/../lib/gcc/arm-none-eabi/9.3.1/thumb/v7e-m+fp/hard\libgcc.a(_dvmd_tls.o)
                              c:/st/stm32cubeide_1.8.0/stm32cubeide/plugins/com.st.stm32cube.ide.mcu.externaltools.gnu-tools-for-stm32.9-2020-q2-update.win32_2.0.0.202105311346/tools/bin/../lib/gcc/arm-none-eabi/9.3.1/thumb/v7e-m+fp/hard\libgcc.a(_aeabi_uldivmod.o) (__aeabi_ldiv0)

Allocating common symbols
Common symbol       size              file

hUsbDeviceFS        0x2d0             ./USB_DEVICE/App/usb_device.o
hadc2               0x48              ./Core/Src/main.o
hpcd_USB_OTG_FS     0x408             ./USB_DEVICE/Target/usbd_conf.o
uwTick              0x4               ./Drivers/STM32F4xx_HAL_Driver/Src/stm32f4xx_hal.o
xQueueRegistry      0x40              ./FreeRTOS/queue.o
pFlash              0x20              ./Drivers/STM32F4xx_HAL_Driver/Src/stm32f4xx_hal_flash.o
xReturned           0x4               ./Core/Src/main.o
hadc1               0x48              ./Core/Src/main.o
hspi1               0x58              ./Core/Src/main.o
[...]
Memory Configuration

Name             Origin             Length             Attributes
CCMRAM           0x0000000010000000 0x0000000000010000 xrw
RAM              0x0000000020000000 0x0000000000020000 xrw
FLASH            0x0000000008000000 0x0000000000100000 xr
*default*        0x0000000000000000 0xffffffffffffffff

Linker script and memory map

LOAD c:/st/stm32cubeide_1.8.0/stm32cubeide/plugins/com.st.stm32cube.ide.mcu.externaltools.gnu-tools-for-stm32.9-2020-q2-update.win32_2.0.0.202105311346/tools/bin/../lib/gcc/arm-none-eabi/9.3.1/thumb/v7e-m+fp/hard/crti.o
LOAD c:/st/stm32cubeide_1.8.0/stm32cubeide/plugins/com.st.stm32cube.ide.mcu.externaltools.gnu-tools-for-stm32.9-2020-q2-update.win32_2.0.0.202105311346/tools/bin/../lib/gcc/arm-none-eabi/9.3.1/thumb/v7e-m+fp/hard/crtbegin.o
LOAD c:/st/stm32cubeide_1.8.0/stm32cubeide/plugins/com.st.stm32cube.ide.mcu.externaltools.gnu-tools-for-stm32.9-2020-q2-update.win32_2.0.0.202105311346/tools/bin/../lib/gcc/arm-none-eabi/9.3.1/../../../../arm-none-eabi/lib/thumb/v7e-m+fp/hard/crt0.o
LOAD ./Core/Src/main.o
LOAD ./Core/Src/stm32f4xx_hal_msp.o
LOAD ./Core/Src/stm32f4xx_hal_timebase_tim.o
LOAD ./Core/Src/stm32f4xx_it.o
LOAD ./Core/Src/syscalls.o
LOAD ./Core/Src/sysmem.o
LOAD ./Core/Src/system_stm32f4xx.o
LOAD ./Core/Startup/startup_stm32f407vgtx.o
LOAD ./Drivers/STM32F4xx_HAL_Driver/Src/stm32f4xx_hal.o
LOAD ./Drivers/STM32F4xx_HAL_Driver/Src/stm32f4xx_hal_adc.o
LOAD ./Drivers/STM32F4xx_HAL_Driver/Src/stm32f4xx_hal_adc_ex.o
LOAD ./Drivers/STM32F4xx_HAL_Driver/Src/stm32f4xx_hal_cortex.o
LOAD ./Drivers/STM32F4xx_HAL_Driver/Src/stm32f4xx_hal_dma.o
LOAD ./Drivers/STM32F4xx_HAL_Driver/Src/stm32f4xx_hal_dma_ex.o
LOAD ./Drivers/STM32F4xx_HAL_Driver/Src/stm32f4xx_hal_exti.o
LOAD ./Drivers/STM32F4xx_HAL_Driver/Src/stm32f4xx_hal_flash.o
LOAD ./Drivers/STM32F4xx_HAL_Driver/Src/stm32f4xx_hal_flash_ex.o
LOAD ./Drivers/STM32F4xx_HAL_Driver/Src/stm32f4xx_hal_flash_ramfunc.o
LOAD ./Drivers/STM32F4xx_HAL_Driver/Src/stm32f4xx_hal_gpio.o
LOAD ./Drivers/STM32F4xx_HAL_Driver/Src/stm32f4xx_hal_pcd.o
LOAD ./Drivers/STM32F4xx_HAL_Driver/Src/stm32f4xx_hal_pcd_ex.o
LOAD ./Drivers/STM32F4xx_HAL_Driver/Src/stm32f4xx_hal_pwr.o
LOAD ./Drivers/STM32F4xx_HAL_Driver/Src/stm32f4xx_hal_pwr_ex.o
LOAD ./Drivers/STM32F4xx_HAL_Driver/Src/stm32f4xx_hal_rcc.o
LOAD ./Drivers/STM32F4xx_HAL_Driver/Src/stm32f4xx_hal_rcc_ex.o
LOAD ./Drivers/STM32F4xx_HAL_Driver/Src/stm32f4xx_hal_spi.o
LOAD ./Drivers/STM32F4xx_HAL_Driver/Src/stm32f4xx_hal_tim.o
LOAD ./Drivers/STM32F4xx_HAL_Driver/Src/stm32f4xx_hal_tim_ex.o
LOAD ./Drivers/STM32F4xx_HAL_Driver/Src/stm32f4xx_ll_adc.o
LOAD ./Drivers/STM32F4xx_HAL_Driver/Src/stm32f4xx_ll_usb.o
LOAD ./ECUAL/JOYSTICK/JOYSTICK.o
LOAD ./ECUAL/JOYSTICK/JOYSTICK_cfg.o
LOAD ./FreeRTOS/croutine.o
LOAD ./FreeRTOS/event_groups.o
LOAD ./FreeRTOS/list.o
LOAD ./FreeRTOS/queue.o
LOAD ./FreeRTOS/stream_buffer.o
LOAD ./FreeRTOS/tasks.o
LOAD ./FreeRTOS/timers.o
LOAD ./FreeRTOS/portable/ARM_CM4F/port.o
LOAD ./FreeRTOS/portable/MemMang/heap_4.o
LOAD ./Middlewares/ST/STM32_USB_Device_Library/Class/HID/Src/usbd_hid.o
LOAD ./Middlewares/ST/STM32_USB_Device_Library/Core/Src/usbd_core.o
LOAD ./Middlewares/ST/STM32_USB_Device_Library/Core/Src/usbd_ctlreq.o
LOAD ./Middlewares/ST/STM32_USB_Device_Library/Core/Src/usbd_ioreq.o
LOAD ./USB_DEVICE/App/usb_device.o
LOAD ./USB_DEVICE/App/usbd_desc.o
LOAD ./USB_DEVICE/Target/usbd_conf.o
START GROUP
LOAD c:/st/stm32cubeide_1.8.0/stm32cubeide/plugins/com.st.stm32cube.ide.mcu.externaltools.gnu-tools-for-stm32.9-2020-q2-update.win32_2.0.0.202105311346/tools/bin/../lib/gcc/arm-none-eabi/9.3.1/../../../../arm-none-eabi/lib/thumb/v7e-m+fp/hard\libc_nano.a
LOAD c:/st/stm32cubeide_1.8.0/stm32cubeide/plugins/com.st.stm32cube.ide.mcu.externaltools.gnu-tools-for-stm32.9-2020-q2-update.win32_2.0.0.202105311346/tools/bin/../lib/gcc/arm-none-eabi/9.3.1/../../../../arm-none-eabi/lib/thumb/v7e-m+fp/hard\libm.a
END GROUP
START GROUP
LOAD c:/st/stm32cubeide_1.8.0/stm32cubeide/plugins/com.st.stm32cube.ide.mcu.externaltools.gnu-tools-for-stm32.9-2020-q2-update.win32_2.0.0.202105311346/tools/bin/../lib/gcc/arm-none-eabi/9.3.1/thumb/v7e-m+fp/hard\libgcc.a
LOAD c:/st/stm32cubeide_1.8.0/stm32cubeide/plugins/com.st.stm32cube.ide.mcu.externaltools.gnu-tools-for-stm32.9-2020-q2-update.win32_2.0.0.202105311346/tools/bin/../lib/gcc/arm-none-eabi/9.3.1/../../../../arm-none-eabi/lib/thumb/v7e-m+fp/hard\libc_nano.a
END GROUP
START GROUP
LOAD c:/st/stm32cubeide_1.8.0/stm32cubeide/plugins/com.st.stm32cube.ide.mcu.externaltools.gnu-tools-for-stm32.9-2020-q2-update.win32_2.0.0.202105311346/tools/bin/../lib/gcc/arm-none-eabi/9.3.1/thumb/v7e-m+fp/hard\libgcc.a
LOAD c:/st/stm32cubeide_1.8.0/stm32cubeide/plugins/com.st.stm32cube.ide.mcu.externaltools.gnu-tools-for-stm32.9-2020-q2-update.win32_2.0.0.202105311346/tools/bin/../lib/gcc/arm-none-eabi/9.3.1/../../../../arm-none-eabi/lib/thumb/v7e-m+fp/hard\libc_nano.a
LOAD c:/st/stm32cubeide_1.8.0/stm32cubeide/plugins/com.st.stm32cube.ide.mcu.externaltools.gnu-tools-for-stm32.9-2020-q2-update.win32_2.0.0.202105311346/tools/bin/../lib/gcc/arm-none-eabi/9.3.1/../../../../arm-none-eabi/lib/thumb/v7e-m+fp/hard\libnosys.a
END GROUP
START GROUP
LOAD c:/st/stm32cubeide_1.8.0/stm32cubeide/plugins/com.st.stm32cube.ide.mcu.externaltools.gnu-tools-for-stm32.9-2020-q2-update.win32_2.0.0.202105311346/tools/bin/../lib/gcc/arm-none-eabi/9.3.1/thumb/v7e-m+fp/hard\libgcc.a
LOAD c:/st/stm32cubeide_1.8.0/stm32cubeide/plugins/com.st.stm32cube.ide.mcu.externaltools.gnu-tools-for-stm32.9-2020-q2-update.win32_2.0.0.202105311346/tools/bin/../lib/gcc/arm-none-eabi/9.3.1/../../../../arm-none-eabi/lib/thumb/v7e-m+fp/hard\libc_nano.a
LOAD c:/st/stm32cubeide_1.8.0/stm32cubeide/plugins/com.st.stm32cube.ide.mcu.externaltools.gnu-tools-for-stm32.9-2020-q2-update.win32_2.0.0.202105311346/tools/bin/../lib/gcc/arm-none-eabi/9.3.1/../../../../arm-none-eabi/lib/thumb/v7e-m+fp/hard\libnosys.a
END GROUP
LOAD c:/st/stm32cubeide_1.8.0/stm32cubeide/plugins/com.st.stm32cube.ide.mcu.externaltools.gnu-tools-for-stm32.9-2020-q2-update.win32_2.0.0.202105311346/tools/bin/../lib/gcc/arm-none-eabi/9.3.1/thumb/v7e-m+fp/hard/crtend.o
LOAD c:/st/stm32cubeide_1.8.0/stm32cubeide/plugins/com.st.stm32cube.ide.mcu.externaltools.gnu-tools-for-stm32.9-2020-q2-update.win32_2.0.0.202105311346/tools/bin/../lib/gcc/arm-none-eabi/9.3.1/thumb/v7e-m+fp/hard/crtn.o
                0x0000000020020000                _estack = (ORIGIN (RAM) + LENGTH (RAM))
                0x0000000000000200                _Min_Heap_Size = 0x200
                0x0000000000000400                _Min_Stack_Size = 0x400

.isr_vector     0x0000000008000000      0x188
                0x0000000008000000                . = ALIGN (0x4)
 *(.isr_vector)
 .isr_vector    0x0000000008000000      0x188 ./Core/Startup/startup_stm32f407vgtx.o
                0x0000000008000000                g_pfnVectors
                0x0000000008000188                . = ALIGN (0x4)

.text           0x0000000008000190     0xa958
                0x0000000008000190                . = ALIGN (0x4)
 *(.text)
 .text          0x0000000008000190       0x40 c:/st/stm32cubeide_1.8.0/stm32cubeide/plugins/com.st.stm32cube.ide.mcu.externaltools.gnu-tools-for-stm32.9-2020-q2-update.win32_2.0.0.202105311346/tools/bin/../lib/gcc/arm-none-eabi/9.3.1/thumb/v7e-m+fp/hard/crtbegin.o
 .text          0x00000000080001d0       0x30 c:/st/stm32cubeide_1.8.0/stm32cubeide/plugins/com.st.stm32cube.ide.mcu.externaltools.gnu-tools-for-stm32.9-2020-q2-update.win32_2.0.0.202105311346/tools/bin/../lib/gcc/arm-none-eabi/9.3.1/thumb/v7e-m+fp/hard\libgcc.a(_aeabi_uldivmod.o)
                0x00000000080001d0                __aeabi_uldivmod
 .text          0x0000000008000200      0x2c4 c:/st/stm32cubeide_1.8.0/stm32cubeide/plugins/com.st.stm32cube.ide.mcu.externaltools.gnu-tools-for-stm32.9-2020-q2-update.win32_2.0.0.202105311346/tools/bin/../lib/gcc/arm-none-eabi/9.3.1/thumb/v7e-m+fp/hard\libgcc.a(_udivmoddi4.o)
                0x0000000008000200                __udivmoddi4
 .text          0x00000000080004c4        0x4 c:/st/stm32cubeide_1.8.0/stm32cubeide/plugins/com.st.stm32cube.ide.mcu.externaltools.gnu-tools-for-stm32.9-2020-q2-update.win32_2.0.0.202105311346/tools/bin/../lib/gcc/arm-none-eabi/9.3.1/thumb/v7e-m+fp/hard\libgcc.a(_dvmd_tls.o)
                0x00000000080004c4                __aeabi_idiv0
                0x00000000080004c4                __aeabi_ldiv0
 *(.text*)
 .text.MEMS_Write
                0x00000000080004c8       0x4c ./Core/Src/main.o
                0x00000000080004c8                MEMS_Write
 .text.Sensor_init
                0x0000000008000514       0x58 ./Core/Src/main.o
                0x0000000008000514                Sensor_init
 .text.Press    0x000000000800056c       0x44 ./Core/Src/main.o
                0x000000000800056c                Press
 .text.HAL_GPIO_EXTI_Callback
                0x00000000080005b0       0x44 ./Core/Src/main.o
                0x00000000080005b0                HAL_GPIO_EXTI_Callback
 .text.Joystick_detection
                0x00000000080005f4      0x13c ./Core/Src/main.o
                0x00000000080005f4                Joystick_detection
 .text.Handler_TASK
                0x0000000008000730       0x48 ./Core/Src/main.o
                0x0000000008000730                Handler_TASK
 .text.main     0x0000000008000778       0x8c ./Core/Src/main.o
                0x0000000008000778                main
 .text.SystemClock_Config
                0x0000000008000804       0xd0 ./Core/Src/main.o
                0x0000000008000804                SystemClock_Config
 .text.MX_ADC1_Init
                0x00000000080008d4       0xc0 ./Core/Src/main.o
 .text.MX_ADC2_Init
                0x0000000008000994       0xc0 ./Core/Src/main.o
 .text.MX_SPI1_Init
                0x0000000008000a54       0x6c ./Core/Src/main.o
 .text.MX_GPIO_Init
                0x0000000008000ac0      0x1b8 ./Core/Src/main.o
 .text.HAL_TIM_PeriodElapsedCallback
                0x0000000008000c78       0x24 ./Core/Src/main.o
                0x0000000008000c78                HAL_TIM_PeriodElapsedCallback
 .text.Error_Handler
                0x0000000008000c9c        0xa ./Core/Src/main.o
                0x0000000008000c9c                Error_Handler
 *fill*         0x0000000008000ca6        0x2 
 .text.HAL_MspInit
                0x0000000008000ca8       0x50 ./Core/Src/stm32f4xx_hal_msp.o
                0x0000000008000ca8                HAL_MspInit
 .text.HAL_ADC_MspInit
                0x0000000008000cf8       0xec ./Core/Src/stm32f4xx_hal_msp.o
                0x0000000008000cf8                HAL_ADC_MspInit
 .text.HAL_SPI_MspInit
                0x0000000008000de4       0x90 ./Core/Src/stm32f4xx_hal_msp.o
                0x0000000008000de4                HAL_SPI_MspInit
 .text.HAL_InitTick
                0x0000000008000e74       0xb4 ./Core/Src/stm32f4xx_hal_timebase_tim.o
                0x0000000008000e74                HAL_InitTick
 .text.NMI_Handler
                0x0000000008000f28        0x6 ./Core/Src/stm32f4xx_it.o
                0x0000000008000f28                NMI_Handler
 .text.HardFault_Handler
                0x0000000008000f2e        0x6 ./Core/Src/stm32f4xx_it.o
                0x0000000008000f2e                HardFault_Handler
 .text.MemManage_Handler
                0x0000000008000f34        0x6 ./Core/Src/stm32f4xx_it.o
                0x0000000008000f34                MemManage_Handler
 .text.BusFault_Handler
                0x0000000008000f3a        0x6 ./Core/Src/stm32f4xx_it.o
                0x0000000008000f3a                BusFault_Handler
 .text.UsageFault_Handler
                0x0000000008000f40        0x6 ./Core/Src/stm32f4xx_it.o
                0x0000000008000f40                UsageFault_Handler
 .text.DebugMon_Handler
                0x0000000008000f46        0xe ./Core/Src/stm32f4xx_it.o
                0x0000000008000f46                DebugMon_Handler
 .text.EXTI0_IRQHandler
                0x0000000008000f54        0xe ./Core/Src/stm32f4xx_it.o
                0x0000000008000f54                EXTI0_IRQHandler
 *fill*         0x0000000008000f62        0x2 
 .text.TIM7_IRQHandler
                0x0000000008000f64       0x14 ./Core/Src/stm32f4xx_it.o
                0x0000000008000f64                TIM7_IRQHandler
 .text.OTG_FS_IRQHandler
                0x0000000008000f78       0x14 ./Core/Src/stm32f4xx_it.o
                0x0000000008000f78                OTG_FS_IRQHandler
 .text.SystemInit
                0x0000000008000f8c       0x24 ./Core/Src/system_stm32f4xx.o
                0x0000000008000f8c                SystemInit
 .text.Reset_Handler
                0x0000000008000fb0       0x50 ./Core/Startup/startup_stm32f407vgtx.o
                0x0000000008000fb0                Reset_Handler
 .text.Default_Handler
                0x0000000008001000        0x2 ./Core/Startup/startup_stm32f407vgtx.o
                0x0000000008001000                RTC_Alarm_IRQHandler
                0x0000000008001000                HASH_RNG_IRQHandler
                0x0000000008001000                EXTI2_IRQHandler
                0x0000000008001000                TIM8_CC_IRQHandler
                0x0000000008001000                TIM1_CC_IRQHandler
                0x0000000008001000                DMA2_Stream5_IRQHandler
                0x0000000008001000                DMA1_Stream5_IRQHandler
                0x0000000008001000                PVD_IRQHandler
                0x0000000008001000                SDIO_IRQHandler
                0x0000000008001000                TAMP_STAMP_IRQHandler
                0x0000000008001000                CAN2_RX1_IRQHandler
                0x0000000008001000                EXTI3_IRQHandler
                0x0000000008001000                TIM8_TRG_COM_TIM14_IRQHandler
                0x0000000008001000                TIM1_UP_TIM10_IRQHandler
                0x0000000008001000                TIM8_UP_TIM13_IRQHandler
                0x0000000008001000                I2C3_ER_IRQHandler
                0x0000000008001000                I2C2_EV_IRQHandler
                0x0000000008001000                DMA1_Stream2_IRQHandler
                0x0000000008001000                CAN1_RX0_IRQHandler
                0x0000000008001000                FPU_IRQHandler
                0x0000000008001000                OTG_HS_WKUP_IRQHandler
                0x0000000008001000                CAN2_SCE_IRQHandler
                0x0000000008001000                DMA2_Stream2_IRQHandler
                0x0000000008001000                SPI1_IRQHandler
                0x0000000008001000                TIM6_DAC_IRQHandler
                0x0000000008001000                TIM1_BRK_TIM9_IRQHandler
                0x0000000008001000                DCMI_IRQHandler
                0x0000000008001000                CAN2_RX0_IRQHandler
                0x0000000008001000                DMA2_Stream3_IRQHandler
                0x0000000008001000                USART6_IRQHandler
                0x0000000008001000                USART3_IRQHandler
                0x0000000008001000                CAN1_RX1_IRQHandler
                0x0000000008001000                UART5_IRQHandler
                0x0000000008001000                DMA2_Stream0_IRQHandler
                0x0000000008001000                TIM4_IRQHandler
                0x0000000008001000                I2C1_EV_IRQHandler
                0x0000000008001000                DMA1_Stream6_IRQHandler
                0x0000000008001000                DMA1_Stream1_IRQHandler
                0x0000000008001000                UART4_IRQHandler
                0x0000000008001000                TIM3_IRQHandler
                0x0000000008001000                RCC_IRQHandler
                0x0000000008001000                TIM8_BRK_TIM12_IRQHandler
                0x0000000008001000                Default_Handler
                0x0000000008001000                EXTI15_10_IRQHandler
                0x0000000008001000                ADC_IRQHandler
                0x0000000008001000                DMA1_Stream7_IRQHandler
                0x0000000008001000                CAN2_TX_IRQHandler
                0x0000000008001000                TIM5_IRQHandler
                0x0000000008001000                DMA2_Stream7_IRQHandler
                0x0000000008001000                I2C3_EV_IRQHandler
                0x0000000008001000                EXTI9_5_IRQHandler
                0x0000000008001000                RTC_WKUP_IRQHandler
                0x0000000008001000                ETH_WKUP_IRQHandler
                0x0000000008001000                SPI2_IRQHandler
                0x0000000008001000                OTG_HS_EP1_IN_IRQHandler
                0x0000000008001000                DMA1_Stream0_IRQHandler
                0x0000000008001000                CAN1_TX_IRQHandler
                0x0000000008001000                EXTI4_IRQHandler
                0x0000000008001000                FSMC_IRQHandler
                0x0000000008001000                ETH_IRQHandler
                0x0000000008001000                OTG_HS_EP1_OUT_IRQHandler
                0x0000000008001000                WWDG_IRQHandler
                0x0000000008001000                TIM2_IRQHandler
                0x0000000008001000                OTG_FS_WKUP_IRQHandler
                0x0000000008001000                TIM1_TRG_COM_TIM11_IRQHandler
                0x0000000008001000                OTG_HS_IRQHandler
                0x0000000008001000                EXTI1_IRQHandler
                0x0000000008001000                USART2_IRQHandler
                0x0000000008001000                I2C2_ER_IRQHandler
                0x0000000008001000                DMA2_Stream1_IRQHandler
                0x0000000008001000                CAN1_SCE_IRQHandler
                0x0000000008001000                FLASH_IRQHandler
                0x0000000008001000                DMA2_Stream4_IRQHandler
                0x0000000008001000                USART1_IRQHandler
                0x0000000008001000                SPI3_IRQHandler
                0x0000000008001000                DMA1_Stream4_IRQHandler
                0x0000000008001000                I2C1_ER_IRQHandler
                0x0000000008001000                DMA2_Stream6_IRQHandler
                0x0000000008001000                DMA1_Stream3_IRQHandler
 *fill*         0x0000000008001002        0x2 
 .text.HAL_Init
                0x0000000008001004       0x44 ./Drivers/STM32F4xx_HAL_Driver/Src/stm32f4xx_hal.o
                0x0000000008001004                HAL_Init
 .text.HAL_IncTick
                0x0000000008001048       0x28 ./Drivers/STM32F4xx_HAL_Driver/Src/stm32f4xx_hal.o
                0x0000000008001048                HAL_IncTick
 .text.HAL_GetTick
                0x0000000008001070       0x18 ./Drivers/STM32F4xx_HAL_Driver/Src/stm32f4xx_hal.o
                0x0000000008001070                HAL_GetTick
 .text.HAL_Delay
                0x0000000008001088       0x48 ./Drivers/STM32F4xx_HAL_Driver/Src/stm32f4xx_hal.o
                0x0000000008001088                HAL_Delay
 .text.HAL_ADC_Init
                0x00000000080010d0       0x86 ./Drivers/STM32F4xx_HAL_Driver/Src/stm32f4xx_hal_adc.o
                0x00000000080010d0                HAL_ADC_Init
 *fill*         0x0000000008001156        0x2 
 .text.HAL_ADC_Start
                0x0000000008001158      0x1a4 ./Drivers/STM32F4xx_HAL_Driver/Src/stm32f4xx_hal_adc.o
                0x0000000008001158                HAL_ADC_Start
 .text.HAL_ADC_PollForConversion
                0x00000000080012fc      0x116 ./Drivers/STM32F4xx_HAL_Driver/Src/stm32f4xx_hal_adc.o
                0x00000000080012fc                HAL_ADC_PollForConversion
 .text.HAL_ADC_GetValue
                0x0000000008001412       0x1a ./Drivers/STM32F4xx_HAL_Driver/Src/stm32f4xx_hal_adc.o
                0x0000000008001412                HAL_ADC_GetValue
 .text.HAL_ADC_ConfigChannel
                0x000000000800142c      0x244 ./Drivers/STM32F4xx_HAL_Driver/Src/stm32f4xx_hal_adc.o
                0x000000000800142c                HAL_ADC_ConfigChannel
 .text.ADC_Init
                0x0000000008001670      0x1f8 ./Drivers/STM32F4xx_HAL_Driver/Src/stm32f4xx_hal_adc.o
 .text.__NVIC_SetPriorityGrouping
                0x0000000008001868       0x48 ./Drivers/STM32F4xx_HAL_Driver/Src/stm32f4xx_hal_cortex.o
 .text.__NVIC_GetPriorityGrouping
                0x00000000080018b0       0x1c ./Drivers/STM32F4xx_HAL_Driver/Src/stm32f4xx_hal_cortex.o
 .text.__NVIC_EnableIRQ
                0x00000000080018cc       0x3c ./Drivers/STM32F4xx_HAL_Driver/Src/stm32f4xx_hal_cortex.o
 .text.__NVIC_SetPriority
                0x0000000008001908       0x54 ./Drivers/STM32F4xx_HAL_Driver/Src/stm32f4xx_hal_cortex.o
 .text.NVIC_EncodePriority
                0x000000000800195c       0x66 ./Drivers/STM32F4xx_HAL_Driver/Src/stm32f4xx_hal_cortex.o
 .text.HAL_NVIC_SetPriorityGrouping
                0x00000000080019c2       0x16 ./Drivers/STM32F4xx_HAL_Driver/Src/stm32f4xx_hal_cortex.o
                0x00000000080019c2                HAL_NVIC_SetPriorityGrouping
 .text.HAL_NVIC_SetPriority
                0x00000000080019d8       0x38 ./Drivers/STM32F4xx_HAL_Driver/Src/stm32f4xx_hal_cortex.o
                0x00000000080019d8                HAL_NVIC_SetPriority
 .text.HAL_NVIC_EnableIRQ
                0x0000000008001a10       0x1c ./Drivers/STM32F4xx_HAL_Driver/Src/stm32f4xx_hal_cortex.o
                0x0000000008001a10                HAL_NVIC_EnableIRQ
 .text.HAL_GPIO_Init
                0x0000000008001a2c      0x338 ./Drivers/STM32F4xx_HAL_Driver/Src/stm32f4xx_hal_gpio.o
                0x0000000008001a2c                HAL_GPIO_Init
 .text.HAL_GPIO_ReadPin
                0x0000000008001d64       0x30 ./Drivers/STM32F4xx_HAL_Driver/Src/stm32f4xx_hal_gpio.o
                0x0000000008001d64                HAL_GPIO_ReadPin
 .text.HAL_GPIO_WritePin
                0x0000000008001d94       0x32 ./Drivers/STM32F4xx_HAL_Driver/Src/stm32f4xx_hal_gpio.o
                0x0000000008001d94                HAL_GPIO_WritePin
 *fill*         0x0000000008001dc6        0x2 
 .text.HAL_GPIO_EXTI_IRQHandler
                0x0000000008001dc8       0x30 ./Drivers/STM32F4xx_HAL_Driver/Src/stm32f4xx_hal_gpio.o
                0x0000000008001dc8                HAL_GPIO_EXTI_IRQHandler
 .text.HAL_PCD_Init
                0x0000000008001df8      0x23a ./Drivers/STM32F4xx_HAL_Driver/Src/stm32f4xx_hal_pcd.o
                0x0000000008001df8                HAL_PCD_Init
 .text.HAL_PCD_Start
                0x0000000008002032       0x66 ./Drivers/STM32F4xx_HAL_Driver/Src/stm32f4xx_hal_pcd.o
                0x0000000008002032                HAL_PCD_Start
 .text.HAL_PCD_IRQHandler
                0x0000000008002098      0x764 ./Drivers/STM32F4xx_HAL_Driver/Src/stm32f4xx_hal_pcd.o
                0x0000000008002098                HAL_PCD_IRQHandler
 .text.HAL_PCD_SetAddress
                0x00000000080027fc       0x4a ./Drivers/STM32F4xx_HAL_Driver/Src/stm32f4xx_hal_pcd.o
                0x00000000080027fc                HAL_PCD_SetAddress
 .text.HAL_PCD_EP_Open
                0x0000000008002846       0xd0 ./Drivers/STM32F4xx_HAL_Driver/Src/stm32f4xx_hal_pcd.o
                0x0000000008002846                HAL_PCD_EP_Open
 .text.HAL_PCD_EP_Close
                0x0000000008002916       0x94 ./Drivers/STM32F4xx_HAL_Driver/Src/stm32f4xx_hal_pcd.o
                0x0000000008002916                HAL_PCD_EP_Close
 .text.HAL_PCD_EP_Receive
                0x00000000080029aa       0x96 ./Drivers/STM32F4xx_HAL_Driver/Src/stm32f4xx_hal_pcd.o
                0x00000000080029aa                HAL_PCD_EP_Receive
 .text.HAL_PCD_EP_Transmit
                0x0000000008002a40       0x94 ./Drivers/STM32F4xx_HAL_Driver/Src/stm32f4xx_hal_pcd.o
                0x0000000008002a40                HAL_PCD_EP_Transmit
 .text.HAL_PCD_EP_SetStall
                0x0000000008002ad4       0xc8 ./Drivers/STM32F4xx_HAL_Driver/Src/stm32f4xx_hal_pcd.o
                0x0000000008002ad4                HAL_PCD_EP_SetStall
 .text.HAL_PCD_EP_ClrStall
                0x0000000008002b9c       0xac ./Drivers/STM32F4xx_HAL_Driver/Src/stm32f4xx_hal_pcd.o
                0x0000000008002b9c                HAL_PCD_EP_ClrStall
 .text.PCD_WriteEmptyTxFifo
                0x0000000008002c48      0x11a ./Drivers/STM32F4xx_HAL_Driver/Src/stm32f4xx_hal_pcd.o
 *fill*         0x0000000008002d62        0x2 
 .text.PCD_EP_OutXfrComplete_int
                0x0000000008002d64      0x218 ./Drivers/STM32F4xx_HAL_Driver/Src/stm32f4xx_hal_pcd.o
 .text.PCD_EP_OutSetupPacket_int
                0x0000000008002f7c       0x8c ./Drivers/STM32F4xx_HAL_Driver/Src/stm32f4xx_hal_pcd.o
 .text.HAL_PCDEx_SetTxFiFo
                0x0000000008003008       0x8e ./Drivers/STM32F4xx_HAL_Driver/Src/stm32f4xx_hal_pcd_ex.o
                0x0000000008003008                HAL_PCDEx_SetTxFiFo
 .text.HAL_PCDEx_SetRxFiFo
                0x0000000008003096       0x22 ./Drivers/STM32F4xx_HAL_Driver/Src/stm32f4xx_hal_pcd_ex.o
                0x0000000008003096                HAL_PCDEx_SetRxFiFo
 .text.HAL_PCDEx_LPM_Callback
                0x00000000080030b8       0x18 ./Drivers/STM32F4xx_HAL_Driver/Src/stm32f4xx_hal_pcd_ex.o
                0x00000000080030b8                HAL_PCDEx_LPM_Callback
 .text.HAL_RCC_OscConfig
                0x00000000080030d0      0x4f0 ./Drivers/STM32F4xx_HAL_Driver/Src/stm32f4xx_hal_rcc.o
                0x00000000080030d0                HAL_RCC_OscConfig
 .text.HAL_RCC_ClockConfig
                0x00000000080035c0      0x1cc ./Drivers/STM32F4xx_HAL_Driver/Src/stm32f4xx_hal_rcc.o
                0x00000000080035c0                HAL_RCC_ClockConfig
 .text.HAL_RCC_GetSysClockFreq
                0x000000000800378c      0x1c4 ./Drivers/STM32F4xx_HAL_Driver/Src/stm32f4xx_hal_rcc.o
                0x000000000800378c                HAL_RCC_GetSysClockFreq
 .text.HAL_RCC_GetHCLKFreq
                0x0000000008003950       0x18 ./Drivers/STM32F4xx_HAL_Driver/Src/stm32f4xx_hal_rcc.o
                0x0000000008003950                HAL_RCC_GetHCLKFreq
 .text.HAL_RCC_GetPCLK1Freq
                0x0000000008003968       0x28 ./Drivers/STM32F4xx_HAL_Driver/Src/stm32f4xx_hal_rcc.o
                0x0000000008003968                HAL_RCC_GetPCLK1Freq
 .text.HAL_RCC_GetClockConfig
                0x0000000008003990       0x64 ./Drivers/STM32F4xx_HAL_Driver/Src/stm32f4xx_hal_rcc.o
                0x0000000008003990                HAL_RCC_GetClockConfig
 .text.HAL_SPI_Init
                0x00000000080039f4      0x112 ./Drivers/STM32F4xx_HAL_Driver/Src/stm32f4xx_hal_spi.o
                0x00000000080039f4                HAL_SPI_Init
 .text.HAL_SPI_Transmit
                0x0000000008003b06      0x278 ./Drivers/STM32F4xx_HAL_Driver/Src/stm32f4xx_hal_spi.o
                0x0000000008003b06                HAL_SPI_Transmit
 *fill*         0x0000000008003d7e        0x2 
 .text.SPI_WaitFlagStateUntilTimeout
                0x0000000008003d80      0x110 ./Drivers/STM32F4xx_HAL_Driver/Src/stm32f4xx_hal_spi.o
 .text.SPI_EndRxTxTransaction
                0x0000000008003e90       0x84 ./Drivers/STM32F4xx_HAL_Driver/Src/stm32f4xx_hal_spi.o
 .text.HAL_TIM_Base_Init
                0x0000000008003f14       0x9e ./Drivers/STM32F4xx_HAL_Driver/Src/stm32f4xx_hal_tim.o
                0x0000000008003f14                HAL_TIM_Base_Init
 .text.HAL_TIM_Base_MspInit
                0x0000000008003fb2       0x14 ./Drivers/STM32F4xx_HAL_Driver/Src/stm32f4xx_hal_tim.o
                0x0000000008003fb2                HAL_TIM_Base_MspInit
 *fill*         0x0000000008003fc6        0x2 
 .text.HAL_TIM_Base_Start_IT
                0x0000000008003fc8       0xe0 ./Drivers/STM32F4xx_HAL_Driver/Src/stm32f4xx_hal_tim.o
                0x0000000008003fc8                HAL_TIM_Base_Start_IT
 .text.HAL_TIM_IRQHandler
                0x00000000080040a8      0x210 ./Drivers/STM32F4xx_HAL_Driver/Src/stm32f4xx_hal_tim.o
                0x00000000080040a8                HAL_TIM_IRQHandler
 .text.HAL_TIM_OC_DelayElapsedCallback
                0x00000000080042b8       0x14 ./Drivers/STM32F4xx_HAL_Driver/Src/stm32f4xx_hal_tim.o
                0x00000000080042b8                HAL_TIM_OC_DelayElapsedCallback
 .text.HAL_TIM_IC_CaptureCallback
                0x00000000080042cc       0x14 ./Drivers/STM32F4xx_HAL_Driver/Src/stm32f4xx_hal_tim.o
                0x00000000080042cc                HAL_TIM_IC_CaptureCallback
 .text.HAL_TIM_PWM_PulseFinishedCallback
                0x00000000080042e0       0x14 ./Drivers/STM32F4xx_HAL_Driver/Src/stm32f4xx_hal_tim.o
                0x00000000080042e0                HAL_TIM_PWM_PulseFinishedCallback
 .text.HAL_TIM_TriggerCallback
                0x00000000080042f4       0x14 ./Drivers/STM32F4xx_HAL_Driver/Src/stm32f4xx_hal_tim.o
                0x00000000080042f4                HAL_TIM_TriggerCallback
 .text.TIM_Base_SetConfig
                0x0000000008004308      0x140 ./Drivers/STM32F4xx_HAL_Driver/Src/stm32f4xx_hal_tim.o
                0x0000000008004308                TIM_Base_SetConfig
 .text.HAL_TIMEx_CommutCallback
                0x0000000008004448       0x14 ./Drivers/STM32F4xx_HAL_Driver/Src/stm32f4xx_hal_tim_ex.o
                0x0000000008004448                HAL_TIMEx_CommutCallback
 .text.HAL_TIMEx_BreakCallback
                0x000000000800445c       0x14 ./Drivers/STM32F4xx_HAL_Driver/Src/stm32f4xx_hal_tim_ex.o
                0x000000000800445c                HAL_TIMEx_BreakCallback
 .text.USB_CoreInit
                0x0000000008004470       0xc2 ./Drivers/STM32F4xx_HAL_Driver/Src/stm32f4xx_ll_usb.o
                0x0000000008004470                USB_CoreInit
 *fill*         0x0000000008004532        0x2 
 .text.USB_SetTurnaroundTime
                0x0000000008004534      0x144 ./Drivers/STM32F4xx_HAL_Driver/Src/stm32f4xx_ll_usb.o
                0x0000000008004534                USB_SetTurnaroundTime
 .text.USB_EnableGlobalInt
                0x0000000008004678       0x22 ./Drivers/STM32F4xx_HAL_Driver/Src/stm32f4xx_ll_usb.o
                0x0000000008004678                USB_EnableGlobalInt
 .text.USB_DisableGlobalInt
                0x000000000800469a       0x22 ./Drivers/STM32F4xx_HAL_Driver/Src/stm32f4xx_ll_usb.o
                0x000000000800469a                USB_DisableGlobalInt
 .text.USB_SetCurrentMode
                0x00000000080046bc       0x98 ./Drivers/STM32F4xx_HAL_Driver/Src/stm32f4xx_ll_usb.o
                0x00000000080046bc                USB_SetCurrentMode
 .text.USB_DevInit
                0x0000000008004754      0x2c8 ./Drivers/STM32F4xx_HAL_Driver/Src/stm32f4xx_ll_usb.o
                0x0000000008004754                USB_DevInit
 .text.USB_FlushTxFifo
                0x0000000008004a1c       0x48 ./Drivers/STM32F4xx_HAL_Driver/Src/stm32f4xx_ll_usb.o
                0x0000000008004a1c                USB_FlushTxFifo
 .text.USB_FlushRxFifo
                0x0000000008004a64       0x40 ./Drivers/STM32F4xx_HAL_Driver/Src/stm32f4xx_ll_usb.o
                0x0000000008004a64                USB_FlushRxFifo
 .text.USB_SetDevSpeed
                0x0000000008004aa4       0x32 ./Drivers/STM32F4xx_HAL_Driver/Src/stm32f4xx_ll_usb.o
                0x0000000008004aa4                USB_SetDevSpeed
 .text.USB_GetDevSpeed
                0x0000000008004ad6       0x4a ./Drivers/STM32F4xx_HAL_Driver/Src/stm32f4xx_ll_usb.o
                0x0000000008004ad6                USB_GetDevSpeed
 .text.USB_ActivateEndpoint
                0x0000000008004b20      0x10e ./Drivers/STM32F4xx_HAL_Driver/Src/stm32f4xx_ll_usb.o
                0x0000000008004b20                USB_ActivateEndpoint
 *fill*         0x0000000008004c2e        0x2 
 .text.USB_DeactivateEndpoint
                0x0000000008004c30      0x1b8 ./Drivers/STM32F4xx_HAL_Driver/Src/stm32f4xx_ll_usb.o
                0x0000000008004c30                USB_DeactivateEndpoint
 .text.USB_EPStartXfer
                0x0000000008004de8      0x488 ./Drivers/STM32F4xx_HAL_Driver/Src/stm32f4xx_ll_usb.o
                0x0000000008004de8                USB_EPStartXfer
 .text.USB_EP0StartXfer
                0x0000000008005270      0x2a6 ./Drivers/STM32F4xx_HAL_Driver/Src/stm32f4xx_ll_usb.o
                0x0000000008005270                USB_EP0StartXfer
 .text.USB_WritePacket
                0x0000000008005516       0x7c ./Drivers/STM32F4xx_HAL_Driver/Src/stm32f4xx_ll_usb.o
                0x0000000008005516                USB_WritePacket
 .text.USB_ReadPacket
                0x0000000008005592       0xb0 ./Drivers/STM32F4xx_HAL_Driver/Src/stm32f4xx_ll_usb.o
                0x0000000008005592                USB_ReadPacket
 .text.USB_EPSetStall
                0x0000000008005642       0xdc ./Drivers/STM32F4xx_HAL_Driver/Src/stm32f4xx_ll_usb.o
                0x0000000008005642                USB_EPSetStall
 .text.USB_EPClearStall
                0x000000000800571e       0xcc ./Drivers/STM32F4xx_HAL_Driver/Src/stm32f4xx_ll_usb.o
                0x000000000800571e                USB_EPClearStall
 .text.USB_SetDevAddress
                0x00000000080057ea       0x4c ./Drivers/STM32F4xx_HAL_Driver/Src/stm32f4xx_ll_usb.o
                0x00000000080057ea                USB_SetDevAddress
 .text.USB_DevConnect
                0x0000000008005836       0x42 ./Drivers/STM32F4xx_HAL_Driver/Src/stm32f4xx_ll_usb.o
                0x0000000008005836                USB_DevConnect
 .text.USB_DevDisconnect
                0x0000000008005878       0x42 ./Drivers/STM32F4xx_HAL_Driver/Src/stm32f4xx_ll_usb.o
                0x0000000008005878                USB_DevDisconnect
 .text.USB_ReadInterrupts
                0x00000000080058ba       0x26 ./Drivers/STM32F4xx_HAL_Driver/Src/stm32f4xx_ll_usb.o
                0x00000000080058ba                USB_ReadInterrupts
 .text.USB_ReadDevAllOutEpInterrupt
                0x00000000080058e0       0x34 ./Drivers/STM32F4xx_HAL_Driver/Src/stm32f4xx_ll_usb.o
                0x00000000080058e0                USB_ReadDevAllOutEpInterrupt
 .text.USB_ReadDevAllInEpInterrupt
                0x0000000008005914       0x34 ./Drivers/STM32F4xx_HAL_Driver/Src/stm32f4xx_ll_usb.o
                0x0000000008005914                USB_ReadDevAllInEpInterrupt
 .text.USB_ReadDevOutEPInterrupt
                0x0000000008005948       0x3c ./Drivers/STM32F4xx_HAL_Driver/Src/stm32f4xx_ll_usb.o
                0x0000000008005948                USB_ReadDevOutEPInterrupt
 .text.USB_ReadDevInEPInterrupt
                0x0000000008005984       0x5c ./Drivers/STM32F4xx_HAL_Driver/Src/stm32f4xx_ll_usb.o
                0x0000000008005984                USB_ReadDevInEPInterrupt
 .text.USB_GetMode
                0x00000000080059e0       0x1c ./Drivers/STM32F4xx_HAL_Driver/Src/stm32f4xx_ll_usb.o
                0x00000000080059e0                USB_GetMode
 .text.USB_ActivateSetup
                0x00000000080059fc       0x46 ./Drivers/STM32F4xx_HAL_Driver/Src/stm32f4xx_ll_usb.o
                0x00000000080059fc                USB_ActivateSetup
 *fill*         0x0000000008005a42        0x2 
 .text.USB_EP0_OutStart
                0x0000000008005a44       0xbc ./Drivers/STM32F4xx_HAL_Driver/Src/stm32f4xx_ll_usb.o
                0x0000000008005a44                USB_EP0_OutStart
 .text.USB_CoreReset
                0x0000000008005b00       0x64 ./Drivers/STM32F4xx_HAL_Driver/Src/stm32f4xx_ll_usb.o
 .text.JoyStick_Init
                0x0000000008005b64      0x320 ./ECUAL/JOYSTICK/JOYSTICK.o
                0x0000000008005b64                JoyStick_Init
 .text.JoyStick_Read
                0x0000000008005e84      0x10c ./ECUAL/JOYSTICK/JOYSTICK.o
                0x0000000008005e84                JoyStick_Read
 .text.vListInitialise
                0x0000000008005f90       0x40 ./FreeRTOS/list.o
                0x0000000008005f90                vListInitialise
 .text.vListInitialiseItem
                0x0000000008005fd0       0x1a ./FreeRTOS/list.o
                0x0000000008005fd0                vListInitialiseItem
 .text.vListInsertEnd
                0x0000000008005fea       0x48 ./FreeRTOS/list.o
                0x0000000008005fea                vListInsertEnd
 .text.vListInsert
                0x0000000008006032       0x72 ./FreeRTOS/list.o
                0x0000000008006032                vListInsert
 .text.uxListRemove
                0x00000000080060a4       0x54 ./FreeRTOS/list.o
                0x00000000080060a4                uxListRemove
 .text.xQueueGenericReset
                0x00000000080060f8       0xd0 ./FreeRTOS/queue.o
                0x00000000080060f8                xQueueGenericReset
 .text.xQueueGenericCreate
                0x00000000080061c8       0x78 ./FreeRTOS/queue.o
                0x00000000080061c8                xQueueGenericCreate
 .text.prvInitialiseNewQueue
                0x0000000008006240       0x46 ./FreeRTOS/queue.o
 *fill*         0x0000000008006286        0x2 
 .text.xQueueGenericSend
                0x0000000008006288      0x1fc ./FreeRTOS/queue.o
                0x0000000008006288                xQueueGenericSend
 .text.xQueueGenericSendFromISR
                0x0000000008006484      0x130 ./FreeRTOS/queue.o
                0x0000000008006484                xQueueGenericSendFromISR
 .text.xQueueGiveFromISR
                0x00000000080065b4      0x11a ./FreeRTOS/queue.o
                0x00000000080065b4                xQueueGiveFromISR
 *fill*         0x00000000080066ce        0x2 
 .text.xQueueReceive
                0x00000000080066d0      0x1c0 ./FreeRTOS/queue.o
                0x00000000080066d0                xQueueReceive
 .text.xQueueSemaphoreTake
                0x0000000008006890      0x218 ./FreeRTOS/queue.o
                0x0000000008006890                xQueueSemaphoreTake
 .text.prvGetDisinheritPriorityAfterTimeout
                0x0000000008006aa8       0x30 ./FreeRTOS/queue.o
 .text.prvCopyDataToQueue
                0x0000000008006ad8       0xd4 ./FreeRTOS/queue.o
 .text.prvCopyDataFromQueue
                0x0000000008006bac       0x4c ./FreeRTOS/queue.o
 .text.prvUnlockQueue
                0x0000000008006bf8       0xa4 ./FreeRTOS/queue.o
 .text.prvIsQueueEmpty
                0x0000000008006c9c       0x2c ./FreeRTOS/queue.o
 .text.prvIsQueueFull
                0x0000000008006cc8       0x30 ./FreeRTOS/queue.o
 .text.vQueueAddToRegistry
                0x0000000008006cf8       0x54 ./FreeRTOS/queue.o
                0x0000000008006cf8                vQueueAddToRegistry
 .text.vQueueWaitForMessageRestricted
                0x0000000008006d4c       0x68 ./FreeRTOS/queue.o
                0x0000000008006d4c                vQueueWaitForMessageRestricted
 .text.xTaskCreate
                0x0000000008006db4       0x82 ./FreeRTOS/tasks.o
                0x0000000008006db4                xTaskCreate
 .text.prvInitialiseNewTask
                0x0000000008006e36      0x11e ./FreeRTOS/tasks.o
 .text.prvAddNewTaskToReadyList
                0x0000000008006f54       0xdc ./FreeRTOS/tasks.o
 .text.vTaskDelay
                0x0000000008007030       0x68 ./FreeRTOS/tasks.o
                0x0000000008007030                vTaskDelay
 .text.vTaskStartScheduler
                0x0000000008007098       0x9c ./FreeRTOS/tasks.o
                0x0000000008007098                vTaskStartScheduler
 .text.vTaskSuspendAll
                0x0000000008007134       0x1c ./FreeRTOS/tasks.o
                0x0000000008007134                vTaskSuspendAll
 .text.xTaskResumeAll
                0x0000000008007150      0x138 ./FreeRTOS/tasks.o
                0x0000000008007150                xTaskResumeAll
 .text.xTaskGetTickCount
                0x0000000008007288       0x20 ./FreeRTOS/tasks.o
                0x0000000008007288                xTaskGetTickCount
 .text.xTaskIncrementTick
                0x00000000080072a8      0x170 ./FreeRTOS/tasks.o
                0x00000000080072a8                xTaskIncrementTick
 .text.vTaskSwitchContext
                0x0000000008007418       0xb8 ./FreeRTOS/tasks.o
                0x0000000008007418                vTaskSwitchContext
 .text.vTaskPlaceOnEventList
                0x00000000080074d0       0x48 ./FreeRTOS/tasks.o
                0x00000000080074d0                vTaskPlaceOnEventList
 .text.vTaskPlaceOnEventListRestricted
                0x0000000008007518       0x58 ./FreeRTOS/tasks.o
                0x0000000008007518                vTaskPlaceOnEventListRestricted
 .text.xTaskRemoveFromEventList
                0x0000000008007570       0xc4 ./FreeRTOS/tasks.o
                0x0000000008007570                xTaskRemoveFromEventList
 .text.vTaskInternalSetTimeOutState
                0x0000000008007634       0x2c ./FreeRTOS/tasks.o
                0x0000000008007634                vTaskInternalSetTimeOutState
 .text.xTaskCheckForTimeOut
                0x0000000008007660       0xc4 ./FreeRTOS/tasks.o
                0x0000000008007660                xTaskCheckForTimeOut
 .text.vTaskMissedYield
                0x0000000008007724       0x18 ./FreeRTOS/tasks.o
                0x0000000008007724                vTaskMissedYield
 .text.prvIdleTask
                0x000000000800773c       0x30 ./FreeRTOS/tasks.o
 .text.prvInitialiseTaskLists
                0x000000000800776c       0x80 ./FreeRTOS/tasks.o
 .text.prvCheckTasksWaitingTermination
                0x00000000080077ec       0x5c ./FreeRTOS/tasks.o
 .text.prvDeleteTCB
                0x0000000008007848       0x20 ./FreeRTOS/tasks.o
 .text.prvResetNextTaskUnblockTime
                0x0000000008007868       0x40 ./FreeRTOS/tasks.o
 .text.xTaskGetSchedulerState
                0x00000000080078a8       0x3c ./FreeRTOS/tasks.o
                0x00000000080078a8                xTaskGetSchedulerState
 .text.xTaskPriorityInherit
                0x00000000080078e4      0x100 ./FreeRTOS/tasks.o
                0x00000000080078e4                xTaskPriorityInherit
 .text.xTaskPriorityDisinherit
                0x00000000080079e4      0x10c ./FreeRTOS/tasks.o
                0x00000000080079e4                xTaskPriorityDisinherit
 .text.vTaskPriorityDisinheritAfterTimeout
                0x0000000008007af0      0x134 ./FreeRTOS/tasks.o
                0x0000000008007af0                vTaskPriorityDisinheritAfterTimeout
 .text.pvTaskIncrementMutexHeldCount
                0x0000000008007c24       0x28 ./FreeRTOS/tasks.o
                0x0000000008007c24                pvTaskIncrementMutexHeldCount
 .text.prvAddCurrentTaskToDelayedList
                0x0000000008007c4c       0xcc ./FreeRTOS/tasks.o
 .text.xTimerCreateTimerTask
                0x0000000008007d18       0x64 ./FreeRTOS/timers.o
                0x0000000008007d18                xTimerCreateTimerTask
 .text.xTimerGenericCommand
                0x0000000008007d7c       0x9c ./FreeRTOS/timers.o
                0x0000000008007d7c                xTimerGenericCommand
 .text.prvProcessExpiredTimer
                0x0000000008007e18       0x98 ./FreeRTOS/timers.o
 .text.prvTimerTask
                0x0000000008007eb0       0x24 ./FreeRTOS/timers.o
 .text.prvProcessTimerOrBlockTask
                0x0000000008007ed4       0x9c ./FreeRTOS/timers.o
 .text.prvGetNextExpireTime
                0x0000000008007f70       0x48 ./FreeRTOS/timers.o
 .text.prvSampleTimeNow
                0x0000000008007fb8       0x40 ./FreeRTOS/timers.o
 .text.prvInsertTimerInActiveList
                0x0000000008007ff8       0x84 ./FreeRTOS/timers.o
 .text.prvProcessReceivedCommands
                0x000000000800807c      0x18c ./FreeRTOS/timers.o
 .text.prvSwitchTimerLists
                0x0000000008008208       0xc8 ./FreeRTOS/timers.o
 .text.prvCheckForValidListAndQueue
                0x00000000080082d0       0x6c ./FreeRTOS/timers.o
 .text.pxPortInitialiseStack
                0x000000000800833c       0x68 ./FreeRTOS/portable/ARM_CM4F/port.o
                0x000000000800833c                pxPortInitialiseStack
 .text.prvTaskExitError
                0x00000000080083a4       0x58 ./FreeRTOS/portable/ARM_CM4F/port.o
 *fill*         0x00000000080083fc        0x4 
 .text.SVC_Handler
                0x0000000008008400       0x28 ./FreeRTOS/portable/ARM_CM4F/port.o
                0x0000000008008400                SVC_Handler
 .text.prvPortStartFirstTask
                0x0000000008008428       0x28 ./FreeRTOS/portable/ARM_CM4F/port.o
 .text.xPortStartScheduler
                0x0000000008008450      0x144 ./FreeRTOS/portable/ARM_CM4F/port.o
                0x0000000008008450                xPortStartScheduler
 .text.vPortEnterCritical
                0x0000000008008594       0x60 ./FreeRTOS/portable/ARM_CM4F/port.o
                0x0000000008008594                vPortEnterCritical
 .text.vPortExitCritical
                0x00000000080085f4       0x54 ./FreeRTOS/portable/ARM_CM4F/port.o
                0x00000000080085f4                vPortExitCritical
 *fill*         0x0000000008008648        0x8 
 .text.PendSV_Handler
                0x0000000008008650       0x68 ./FreeRTOS/portable/ARM_CM4F/port.o
                0x0000000008008650                PendSV_Handler
 .text.SysTick_Handler
                0x00000000080086b8       0x44 ./FreeRTOS/portable/ARM_CM4F/port.o
                0x00000000080086b8                SysTick_Handler
 .text.vPortSetupTimerInterrupt
                0x00000000080086fc       0x48 ./FreeRTOS/portable/ARM_CM4F/port.o
                0x00000000080086fc                vPortSetupTimerInterrupt
 .text.vPortEnableVFP
                0x0000000008008744       0x14 ./FreeRTOS/portable/ARM_CM4F/port.o
 .text.vPortValidateInterruptPriority
                0x0000000008008758       0x80 ./FreeRTOS/portable/ARM_CM4F/port.o
                0x0000000008008758                vPortValidateInterruptPriority
 .text.pvPortMalloc
                0x00000000080087d8      0x188 ./FreeRTOS/portable/MemMang/heap_4.o
                0x00000000080087d8                pvPortMalloc
 .text.vPortFree
                0x0000000008008960       0xb4 ./FreeRTOS/portable/MemMang/heap_4.o
                0x0000000008008960                vPortFree
 .text.prvHeapInit
                0x0000000008008a14       0xc4 ./FreeRTOS/portable/MemMang/heap_4.o
 .text.prvInsertBlockIntoFreeList
                0x0000000008008ad8       0xb4 ./FreeRTOS/portable/MemMang/heap_4.o
 .text.USBD_HID_Init
                0x0000000008008b8c       0x66 ./Middlewares/ST/STM32_USB_Device_Library/Class/HID/Src/usbd_hid.o
 .text.USBD_HID_DeInit
                0x0000000008008bf2       0x48 ./Middlewares/ST/STM32_USB_Device_Library/Class/HID/Src/usbd_hid.o
 *fill*         0x0000000008008c3a        0x2 
 .text.USBD_HID_Setup
                0x0000000008008c3c      0x208 ./Middlewares/ST/STM32_USB_Device_Library/Class/HID/Src/usbd_hid.o
 .text.USBD_HID_SendReport
                0x0000000008008e44       0x50 ./Middlewares/ST/STM32_USB_Device_Library/Class/HID/Src/usbd_hid.o
                0x0000000008008e44                USBD_HID_SendReport
 .text.USBD_HID_GetFSCfgDesc
                0x0000000008008e94       0x20 ./Middlewares/ST/STM32_USB_Device_Library/Class/HID/Src/usbd_hid.o
 .text.USBD_HID_GetHSCfgDesc
                0x0000000008008eb4       0x20 ./Middlewares/ST/STM32_USB_Device_Library/Class/HID/Src/usbd_hid.o
 .text.USBD_HID_GetOtherSpeedCfgDesc
                0x0000000008008ed4       0x20 ./Middlewares/ST/STM32_USB_Device_Library/Class/HID/Src/usbd_hid.o
 .text.USBD_HID_DataIn
                0x0000000008008ef4       0x24 ./Middlewares/ST/STM32_USB_Device_Library/Class/HID/Src/usbd_hid.o
 .text.USBD_HID_GetDeviceQualifierDesc
                0x0000000008008f18       0x20 ./Middlewares/ST/STM32_USB_Device_Library/Class/HID/Src/usbd_hid.o
 .text.USBD_Init
                0x0000000008008f38       0x60 ./Middlewares/ST/STM32_USB_Device_Library/Core/Src/usbd_core.o
                0x0000000008008f38                USBD_Init
 .text.USBD_RegisterClass
                0x0000000008008f98       0x4e ./Middlewares/ST/STM32_USB_Device_Library/Core/Src/usbd_core.o
                0x0000000008008f98                USBD_RegisterClass
 .text.USBD_Start
                0x0000000008008fe6       0x18 ./Middlewares/ST/STM32_USB_Device_Library/Core/Src/usbd_core.o
                0x0000000008008fe6                USBD_Start
 .text.USBD_RunTestMode
                0x0000000008008ffe       0x16 ./Middlewares/ST/STM32_USB_Device_Library/Core/Src/usbd_core.o
                0x0000000008008ffe                USBD_RunTestMode
 .text.USBD_SetClassConfig
                0x0000000008009014       0x38 ./Middlewares/ST/STM32_USB_Device_Library/Core/Src/usbd_core.o
                0x0000000008009014                USBD_SetClassConfig
 .text.USBD_ClrClassConfig
                0x000000000800904c       0x30 ./Middlewares/ST/STM32_USB_Device_Library/Core/Src/usbd_core.o
                0x000000000800904c                USBD_ClrClassConfig
 .text.USBD_LL_SetupStage
                0x000000000800907c       0xaa ./Middlewares/ST/STM32_USB_Device_Library/Core/Src/usbd_core.o
                0x000000000800907c                USBD_LL_SetupStage
 .text.USBD_LL_DataOutStage
                0x0000000008009126       0xc6 ./Middlewares/ST/STM32_USB_Device_Library/Core/Src/usbd_core.o
                0x0000000008009126                USBD_LL_DataOutStage
 .text.USBD_LL_DataInStage
                0x00000000080091ec      0x12c ./Middlewares/ST/STM32_USB_Device_Library/Core/Src/usbd_core.o
                0x00000000080091ec                USBD_LL_DataInStage
 .text.USBD_LL_Reset
                0x0000000008009318       0x9c ./Middlewares/ST/STM32_USB_Device_Library/Core/Src/usbd_core.o
                0x0000000008009318                USBD_LL_Reset
 .text.USBD_LL_SetSpeed
                0x00000000080093b4       0x20 ./Middlewares/ST/STM32_USB_Device_Library/Core/Src/usbd_core.o
                0x00000000080093b4                USBD_LL_SetSpeed
 .text.USBD_LL_Suspend
                0x00000000080093d4       0x2c ./Middlewares/ST/STM32_USB_Device_Library/Core/Src/usbd_core.o
                0x00000000080093d4                USBD_LL_Suspend
 .text.USBD_LL_Resume
                0x0000000008009400       0x30 ./Middlewares/ST/STM32_USB_Device_Library/Core/Src/usbd_core.o
                0x0000000008009400                USBD_LL_Resume
 .text.USBD_LL_SOF
                0x0000000008009430       0x44 ./Middlewares/ST/STM32_USB_Device_Library/Core/Src/usbd_core.o
                0x0000000008009430                USBD_LL_SOF
 .text.USBD_LL_IsoINIncomplete
                0x0000000008009474       0x4c ./Middlewares/ST/STM32_USB_Device_Library/Core/Src/usbd_core.o
                0x0000000008009474                USBD_LL_IsoINIncomplete
 .text.USBD_LL_IsoOUTIncomplete
                0x00000000080094c0       0x4c ./Middlewares/ST/STM32_USB_Device_Library/Core/Src/usbd_core.o
                0x00000000080094c0                USBD_LL_IsoOUTIncomplete
 .text.USBD_LL_DevConnected
                0x000000000800950c       0x16 ./Middlewares/ST/STM32_USB_Device_Library/Core/Src/usbd_core.o
                0x000000000800950c                USBD_LL_DevConnected
 .text.USBD_LL_DevDisconnected
                0x0000000008009522       0x38 ./Middlewares/ST/STM32_USB_Device_Library/Core/Src/usbd_core.o
                0x0000000008009522                USBD_LL_DevDisconnected
 .text.SWAPBYTE
                0x000000000800955a       0x3c ./Middlewares/ST/STM32_USB_Device_Library/Core/Src/usbd_ctlreq.o
 *fill*         0x0000000008009596        0x2 
 .text.USBD_StdDevReq
                0x0000000008009598       0xdc ./Middlewares/ST/STM32_USB_Device_Library/Core/Src/usbd_ctlreq.o
                0x0000000008009598                USBD_StdDevReq
 .text.USBD_StdItfReq
                0x0000000008009674       0x92 ./Middlewares/ST/STM32_USB_Device_Library/Core/Src/usbd_ctlreq.o
                0x0000000008009674                USBD_StdItfReq
 .text.USBD_StdEPReq
                0x0000000008009706      0x2c4 ./Middlewares/ST/STM32_USB_Device_Library/Core/Src/usbd_ctlreq.o
                0x0000000008009706                USBD_StdEPReq
 *fill*         0x00000000080099ca        0x2 
 .text.USBD_GetDescriptor
                0x00000000080099cc      0x2d4 ./Middlewares/ST/STM32_USB_Device_Library/Core/Src/usbd_ctlreq.o
 .text.USBD_SetAddress
                0x0000000008009ca0       0x88 ./Middlewares/ST/STM32_USB_Device_Library/Core/Src/usbd_ctlreq.o
 .text.USBD_SetConfig
                0x0000000008009d28      0x14c ./Middlewares/ST/STM32_USB_Device_Library/Core/Src/usbd_ctlreq.o
 .text.USBD_GetConfig
                0x0000000008009e74       0x6c ./Middlewares/ST/STM32_USB_Device_Library/Core/Src/usbd_ctlreq.o
 .text.USBD_GetStatus
                0x0000000008009ee0       0x68 ./Middlewares/ST/STM32_USB_Device_Library/Core/Src/usbd_ctlreq.o
 .text.USBD_SetFeature
                0x0000000008009f48       0x28 ./Middlewares/ST/STM32_USB_Device_Library/Core/Src/usbd_ctlreq.o
 .text.USBD_ClrFeature
                0x0000000008009f70       0x44 ./Middlewares/ST/STM32_USB_Device_Library/Core/Src/usbd_ctlreq.o
 .text.USBD_ParseSetupRequest
                0x0000000008009fb4       0x74 ./Middlewares/ST/STM32_USB_Device_Library/Core/Src/usbd_ctlreq.o
                0x0000000008009fb4                USBD_ParseSetupRequest
 .text.USBD_CtlError
                0x000000000800a028       0x22 ./Middlewares/ST/STM32_USB_Device_Library/Core/Src/usbd_ctlreq.o
                0x000000000800a028                USBD_CtlError
 .text.USBD_GetString
                0x000000000800a04a       0x8c ./Middlewares/ST/STM32_USB_Device_Library/Core/Src/usbd_ctlreq.o
                0x000000000800a04a                USBD_GetString
 .text.USBD_GetLen
                0x000000000800a0d6       0x34 ./Middlewares/ST/STM32_USB_Device_Library/Core/Src/usbd_ctlreq.o
 .text.USBD_CtlSendData
                0x000000000800a10a       0x36 ./Middlewares/ST/STM32_USB_Device_Library/Core/Src/usbd_ioreq.o
                0x000000000800a10a                USBD_CtlSendData
 .text.USBD_CtlContinueSendData
                0x000000000800a140       0x22 ./Middlewares/ST/STM32_USB_Device_Library/Core/Src/usbd_ioreq.o
                0x000000000800a140                USBD_CtlContinueSendData
 .text.USBD_CtlContinueRx
                0x000000000800a162       0x22 ./Middlewares/ST/STM32_USB_Device_Library/Core/Src/usbd_ioreq.o
                0x000000000800a162                USBD_CtlContinueRx
 .text.USBD_CtlSendStatus
                0x000000000800a184       0x26 ./Middlewares/ST/STM32_USB_Device_Library/Core/Src/usbd_ioreq.o
                0x000000000800a184                USBD_CtlSendStatus
 .text.USBD_CtlReceiveStatus
                0x000000000800a1aa       0x26 ./Middlewares/ST/STM32_USB_Device_Library/Core/Src/usbd_ioreq.o
                0x000000000800a1aa                USBD_CtlReceiveStatus
 .text.MX_USB_DEVICE_Init
                0x000000000800a1d0       0x4c ./USB_DEVICE/App/usb_device.o
                0x000000000800a1d0                MX_USB_DEVICE_Init
 .text.USBD_FS_DeviceDescriptor
                0x000000000800a21c       0x24 ./USB_DEVICE/App/usbd_desc.o
                0x000000000800a21c                USBD_FS_DeviceDescriptor
 .text.USBD_FS_LangIDStrDescriptor
                0x000000000800a240       0x24 ./USB_DEVICE/App/usbd_desc.o
                0x000000000800a240                USBD_FS_LangIDStrDescriptor
 .text.USBD_FS_ProductStrDescriptor
                0x000000000800a264       0x3c ./USB_DEVICE/App/usbd_desc.o
                0x000000000800a264                USBD_FS_ProductStrDescriptor
 .text.USBD_FS_ManufacturerStrDescriptor
                0x000000000800a2a0       0x28 ./USB_DEVICE/App/usbd_desc.o
                0x000000000800a2a0                USBD_FS_ManufacturerStrDescriptor
 .text.USBD_FS_SerialStrDescriptor
                0x000000000800a2c8       0x24 ./USB_DEVICE/App/usbd_desc.o
                0x000000000800a2c8                USBD_FS_SerialStrDescriptor
 .text.USBD_FS_ConfigStrDescriptor
                0x000000000800a2ec       0x3c ./USB_DEVICE/App/usbd_desc.o
                0x000000000800a2ec                USBD_FS_ConfigStrDescriptor
 .text.USBD_FS_InterfaceStrDescriptor
                0x000000000800a328       0x3c ./USB_DEVICE/App/usbd_desc.o
                0x000000000800a328                USBD_FS_InterfaceStrDescriptor
 .text.Get_SerialNum
                0x000000000800a364       0x58 ./USB_DEVICE/App/usbd_desc.o
 .text.IntToUnicode
                0x000000000800a3bc       0x7e ./USB_DEVICE/App/usbd_desc.o
 *fill*         0x000000000800a43a        0x2 
 .text.HAL_PCD_MspInit
                0x000000000800a43c       0xc4 ./USB_DEVICE/Target/usbd_conf.o
                0x000000000800a43c                HAL_PCD_MspInit
 .text.HAL_PCD_SetupStageCallback
                0x000000000800a500       0x24 ./USB_DEVICE/Target/usbd_conf.o
                0x000000000800a500                HAL_PCD_SetupStageCallback
 .text.HAL_PCD_DataOutStageCallback
                0x000000000800a524       0x36 ./USB_DEVICE/Target/usbd_conf.o
                0x000000000800a524                HAL_PCD_DataOutStageCallback
 .text.HAL_PCD_DataInStageCallback
                0x000000000800a55a       0x34 ./USB_DEVICE/Target/usbd_conf.o
                0x000000000800a55a                HAL_PCD_DataInStageCallback
 .text.HAL_PCD_SOFCallback
                0x000000000800a58e       0x1c ./USB_DEVICE/Target/usbd_conf.o
                0x000000000800a58e                HAL_PCD_SOFCallback
 .text.HAL_PCD_ResetCallback
                0x000000000800a5aa       0x50 ./USB_DEVICE/Target/usbd_conf.o
                0x000000000800a5aa                HAL_PCD_ResetCallback
 *fill*         0x000000000800a5fa        0x2 
 .text.HAL_PCD_SuspendCallback
                0x000000000800a5fc       0x4c ./USB_DEVICE/Target/usbd_conf.o
                0x000000000800a5fc                HAL_PCD_SuspendCallback
 .text.HAL_PCD_ResumeCallback
                0x000000000800a648       0x1c ./USB_DEVICE/Target/usbd_conf.o
                0x000000000800a648                HAL_PCD_ResumeCallback
 .text.HAL_PCD_ISOOUTIncompleteCallback
                0x000000000800a664       0x24 ./USB_DEVICE/Target/usbd_conf.o
                0x000000000800a664                HAL_PCD_ISOOUTIncompleteCallback
 .text.HAL_PCD_ISOINIncompleteCallback
                0x000000000800a688       0x24 ./USB_DEVICE/Target/usbd_conf.o
                0x000000000800a688                HAL_PCD_ISOINIncompleteCallback
 .text.HAL_PCD_ConnectCallback
                0x000000000800a6ac       0x1c ./USB_DEVICE/Target/usbd_conf.o
                0x000000000800a6ac                HAL_PCD_ConnectCallback
 .text.HAL_PCD_DisconnectCallback
                0x000000000800a6c8       0x1c ./USB_DEVICE/Target/usbd_conf.o
                0x000000000800a6c8                HAL_PCD_DisconnectCallback
 .text.USBD_LL_Init
                0x000000000800a6e4       0x98 ./USB_DEVICE/Target/usbd_conf.o
                0x000000000800a6e4                USBD_LL_Init
 .text.USBD_LL_Start
                0x000000000800a77c       0x36 ./USB_DEVICE/Target/usbd_conf.o
                0x000000000800a77c                USBD_LL_Start
 .text.USBD_LL_OpenEP
                0x000000000800a7b2       0x4c ./USB_DEVICE/Target/usbd_conf.o
                0x000000000800a7b2                USBD_LL_OpenEP
 .text.USBD_LL_CloseEP
                0x000000000800a7fe       0x3e ./USB_DEVICE/Target/usbd_conf.o
                0x000000000800a7fe                USBD_LL_CloseEP
 .text.USBD_LL_StallEP
                0x000000000800a83c       0x3e ./USB_DEVICE/Target/usbd_conf.o
                0x000000000800a83c                USBD_LL_StallEP
 .text.USBD_LL_ClearStallEP
                0x000000000800a87a       0x3e ./USB_DEVICE/Target/usbd_conf.o
                0x000000000800a87a                USBD_LL_ClearStallEP
 .text.USBD_LL_IsStallEP
                0x000000000800a8b8       0x58 ./USB_DEVICE/Target/usbd_conf.o
                0x000000000800a8b8                USBD_LL_IsStallEP
 .text.USBD_LL_SetUSBAddress
                0x000000000800a910       0x3e ./USB_DEVICE/Target/usbd_conf.o
                0x000000000800a910                USBD_LL_SetUSBAddress
 .text.USBD_LL_Transmit
                0x000000000800a94e       0x42 ./USB_DEVICE/Target/usbd_conf.o
                0x000000000800a94e                USBD_LL_Transmit
 .text.USBD_LL_PrepareReceive
                0x000000000800a990       0x42 ./USB_DEVICE/Target/usbd_conf.o
                0x000000000800a990                USBD_LL_PrepareReceive
 *fill*         0x000000000800a9d2        0x2 
 .text.USBD_static_malloc
                0x000000000800a9d4       0x1c ./USB_DEVICE/Target/usbd_conf.o
                0x000000000800a9d4                USBD_static_malloc
 .text.USBD_static_free
                0x000000000800a9f0       0x14 ./USB_DEVICE/Target/usbd_conf.o
                0x000000000800a9f0                USBD_static_free
 .text.USBD_Get_USB_Status
                0x000000000800aa04       0x58 ./USB_DEVICE/Target/usbd_conf.o
                0x000000000800aa04                USBD_Get_USB_Status
 .text.__libc_init_array
                0x000000000800aa5c       0x48 c:/st/stm32cubeide_1.8.0/stm32cubeide/plugins/com.st.stm32cube.ide.mcu.externaltools.gnu-tools-for-stm32.9-2020-q2-update.win32_2.0.0.202105311346/tools/bin/../lib/gcc/arm-none-eabi/9.3.1/../../../../arm-none-eabi/lib/thumb/v7e-m+fp/hard\libc_nano.a(lib_a-init.o)
                0x000000000800aa5c                __libc_init_array
 .text.memcpy   0x000000000800aaa4       0x1c c:/st/stm32cubeide_1.8.0/stm32cubeide/plugins/com.st.stm32cube.ide.mcu.externaltools.gnu-tools-for-stm32.9-2020-q2-update.win32_2.0.0.202105311346/tools/bin/../lib/gcc/arm-none-eabi/9.3.1/../../../../arm-none-eabi/lib/thumb/v7e-m+fp/hard\libc_nano.a(lib_a-memcpy-stub.o)
                0x000000000800aaa4                memcpy
 .text.memset   0x000000000800aac0       0x10 c:/st/stm32cubeide_1.8.0/stm32cubeide/plugins/com.st.stm32cube.ide.mcu.externaltools.gnu-tools-for-stm32.9-2020-q2-update.win32_2.0.0.202105311346/tools/bin/../lib/gcc/arm-none-eabi/9.3.1/../../../../arm-none-eabi/lib/thumb/v7e-m+fp/hard\libc_nano.a(lib_a-memset.o)
                0x000000000800aac0                memset
 *(.glue_7)
 .glue_7        0x000000000800aad0        0x0 linker stubs
 *(.glue_7t)
 .glue_7t       0x000000000800aad0        0x0 linker stubs
 *(.eh_frame)
 .eh_frame      0x000000000800aad0        0x0 c:/st/stm32cubeide_1.8.0/stm32cubeide/plugins/com.st.stm32cube.ide.mcu.externaltools.gnu-tools-for-stm32.9-2020-q2-update.win32_2.0.0.202105311346/tools/bin/../lib/gcc/arm-none-eabi/9.3.1/thumb/v7e-m+fp/hard/crtbegin.o
 *(.init)
 .init          0x000000000800aad0        0x4 c:/st/stm32cubeide_1.8.0/stm32cubeide/plugins/com.st.stm32cube.ide.mcu.externaltools.gnu-tools-for-stm32.9-2020-q2-update.win32_2.0.0.202105311346/tools/bin/../lib/gcc/arm-none-eabi/9.3.1/thumb/v7e-m+fp/hard/crti.o
                0x000000000800aad0                _init
 .init          0x000000000800aad4        0x8 c:/st/stm32cubeide_1.8.0/stm32cubeide/plugins/com.st.stm32cube.ide.mcu.externaltools.gnu-tools-for-stm32.9-2020-q2-update.win32_2.0.0.202105311346/tools/bin/../lib/gcc/arm-none-eabi/9.3.1/thumb/v7e-m+fp/hard/crtn.o
 *(.fini)
 .fini          0x000000000800aadc        0x4 c:/st/stm32cubeide_1.8.0/stm32cubeide/plugins/com.st.stm32cube.ide.mcu.externaltools.gnu-tools-for-stm32.9-2020-q2-update.win32_2.0.0.202105311346/tools/bin/../lib/gcc/arm-none-eabi/9.3.1/thumb/v7e-m+fp/hard/crti.o
                0x000000000800aadc                _fini
 .fini          0x000000000800aae0        0x8 c:/st/stm32cubeide_1.8.0/stm32cubeide/plugins/com.st.stm32cube.ide.mcu.externaltools.gnu-tools-for-stm32.9-2020-q2-update.win32_2.0.0.202105311346/tools/bin/../lib/gcc/arm-none-eabi/9.3.1/thumb/v7e-m+fp/hard/crtn.o
                0x000000000800aae8                . = ALIGN (0x4)
                0x000000000800aae8                _etext = .

.vfp11_veneer   0x000000000800aae8        0x0
 .vfp11_veneer  0x000000000800aae8        0x0 linker stubs

.v4_bx          0x000000000800aae8        0x0
 .v4_bx         0x000000000800aae8        0x0 linker stubs

.iplt           0x000000000800aae8        0x0
 .iplt          0x000000000800aae8        0x0 c:/st/stm32cubeide_1.8.0/stm32cubeide/plugins/com.st.stm32cube.ide.mcu.externaltools.gnu-tools-for-stm32.9-2020-q2-update.win32_2.0.0.202105311346/tools/bin/../lib/gcc/arm-none-eabi/9.3.1/thumb/v7e-m+fp/hard/crtbegin.o

.rodata         0x000000000800aae8       0xbc
                0x000000000800aae8                . = ALIGN (0x4)
 *(.rodata)
 .rodata        0x000000000800aae8       0x19 ./Core/Src/main.o
 *fill*         0x000000000800ab01        0x3 
 .rodata        0x000000000800ab04        0x5 ./FreeRTOS/tasks.o
 *fill*         0x000000000800ab09        0x3 
 .rodata        0x000000000800ab0c        0xd ./FreeRTOS/timers.o
 *fill*         0x000000000800ab19        0x3 
 .rodata        0x000000000800ab1c       0x3e ./USB_DEVICE/App/usbd_desc.o
 *(.rodata*)
 *fill*         0x000000000800ab5a        0x2 
 .rodata.AHBPrescTable
                0x000000000800ab5c       0x10 ./Core/Src/system_stm32f4xx.o
                0x000000000800ab5c                AHBPrescTable
 .rodata.APBPrescTable
                0x000000000800ab6c        0x8 ./Core/Src/system_stm32f4xx.o
                0x000000000800ab6c                APBPrescTable
 .rodata.JoyStick_CfgParam
                0x000000000800ab74       0x30 ./ECUAL/JOYSTICK/JOYSTICK_cfg.o
                0x000000000800ab74                JoyStick_CfgParam
                0x000000000800aba4                . = ALIGN (0x4)

.ARM.extab      0x000000000800aba4        0x0
                0x000000000800aba4                . = ALIGN (0x4)
 *(.ARM.extab* .gnu.linkonce.armextab.*)
                0x000000000800aba4                . = ALIGN (0x4)

.ARM            0x000000000800aba4        0x8
                0x000000000800aba4                . = ALIGN (0x4)
                0x000000000800aba4                __exidx_start = .
 *(.ARM.exidx*)
 .ARM.exidx     0x000000000800aba4        0x8 c:/st/stm32cubeide_1.8.0/stm32cubeide/plugins/com.st.stm32cube.ide.mcu.externaltools.gnu-tools-for-stm32.9-2020-q2-update.win32_2.0.0.202105311346/tools/bin/../lib/gcc/arm-none-eabi/9.3.1/thumb/v7e-m+fp/hard\libgcc.a(_udivmoddi4.o)
                0x000000000800abac                __exidx_end = .
                0x000000000800abac                . = ALIGN (0x4)

.rel.dyn        0x000000000800abac        0x0
 .rel.iplt      0x000000000800abac        0x0 c:/st/stm32cubeide_1.8.0/stm32cubeide/plugins/com.st.stm32cube.ide.mcu.externaltools.gnu-tools-for-stm32.9-2020-q2-update.win32_2.0.0.202105311346/tools/bin/../lib/gcc/arm-none-eabi/9.3.1/thumb/v7e-m+fp/hard/crtbegin.o

.preinit_array  0x000000000800abac        0x0
                0x000000000800abac                . = ALIGN (0x4)
                0x000000000800abac                PROVIDE (__preinit_array_start = .)
 *(.preinit_array*)
                0x000000000800abac                PROVIDE (__preinit_array_end = .)
                0x000000000800abac                . = ALIGN (0x4)

.init_array     0x000000000800abac        0x4
                0x000000000800abac                . = ALIGN (0x4)
                0x000000000800abac                PROVIDE (__init_array_start = .)
 *(SORT_BY_NAME(.init_array.*))
 *(.init_array*)
 .init_array    0x000000000800abac        0x4 c:/st/stm32cubeide_1.8.0/stm32cubeide/plugins/com.st.stm32cube.ide.mcu.externaltools.gnu-tools-for-stm32.9-2020-q2-update.win32_2.0.0.202105311346/tools/bin/../lib/gcc/arm-none-eabi/9.3.1/thumb/v7e-m+fp/hard/crtbegin.o
                0x000000000800abb0                PROVIDE (__init_array_end = .)
                0x000000000800abb0                . = ALIGN (0x4)

.fini_array     0x000000000800abb0        0x4
                0x000000000800abb0                . = ALIGN (0x4)
                [!provide]                        PROVIDE (__fini_array_start = .)
 *(SORT_BY_NAME(.fini_array.*))
 *(.fini_array*)
 .fini_array    0x000000000800abb0        0x4 c:/st/stm32cubeide_1.8.0/stm32cubeide/plugins/com.st.stm32cube.ide.mcu.externaltools.gnu-tools-for-stm32.9-2020-q2-update.win32_2.0.0.202105311346/tools/bin/../lib/gcc/arm-none-eabi/9.3.1/thumb/v7e-m+fp/hard/crtbegin.o
                [!provide]                        PROVIDE (__fini_array_end = .)
                0x000000000800abb4                . = ALIGN (0x4)
                0x000000000800abb4                _sidata = LOADADDR (.data)

.data           0x0000000020000000      0x1a4 load address 0x000000000800abb4
                0x0000000020000000                . = ALIGN (0x4)
                0x0000000020000000                _sdata = .
 *(.data)
 *(.data*)
 .data.move     0x0000000020000000       0x14 ./Core/Src/main.o
                0x0000000020000000                move
 .data.direct   0x0000000020000014       0x14 ./Core/Src/main.o
                0x0000000020000014                direct
 .data.button   0x0000000020000028       0x14 ./Core/Src/main.o
                0x0000000020000028                button
 .data.move_way
                0x000000002000003c        0x4 ./Core/Src/main.o
                0x000000002000003c                move_way
 .data.direct_way
                0x0000000020000040        0x4 ./Core/Src/main.o
                0x0000000020000040                direct_way
 .data.btn_way  0x0000000020000044        0x4 ./Core/Src/main.o
                0x0000000020000044                btn_way
 .data.SystemCoreClock
                0x0000000020000048        0x4 ./Core/Src/system_stm32f4xx.o
                0x0000000020000048                SystemCoreClock
 .data.uwTickPrio
                0x000000002000004c        0x4 ./Drivers/STM32F4xx_HAL_Driver/Src/stm32f4xx_hal.o
                0x000000002000004c                uwTickPrio
 .data.uwTickFreq
                0x0000000020000050        0x1 ./Drivers/STM32F4xx_HAL_Driver/Src/stm32f4xx_hal.o
                0x0000000020000050                uwTickFreq
 *fill*         0x0000000020000051        0x3 
 .data.uxCriticalNesting
                0x0000000020000054        0x4 ./FreeRTOS/portable/ARM_CM4F/port.o
 .data.USBD_HID
                0x0000000020000058       0x38 ./Middlewares/ST/STM32_USB_Device_Library/Class/HID/Src/usbd_hid.o
                0x0000000020000058                USBD_HID
 .data.USBD_HID_CfgFSDesc
                0x0000000020000090       0x22 ./Middlewares/ST/STM32_USB_Device_Library/Class/HID/Src/usbd_hid.o
 *fill*         0x00000000200000b2        0x2 
 .data.USBD_HID_CfgHSDesc
                0x00000000200000b4       0x22 ./Middlewares/ST/STM32_USB_Device_Library/Class/HID/Src/usbd_hid.o
 *fill*         0x00000000200000d6        0x2 
 .data.USBD_HID_OtherSpeedCfgDesc
                0x00000000200000d8       0x22 ./Middlewares/ST/STM32_USB_Device_Library/Class/HID/Src/usbd_hid.o
 *fill*         0x00000000200000fa        0x2 
 .data.USBD_HID_Desc
                0x00000000200000fc        0x9 ./Middlewares/ST/STM32_USB_Device_Library/Class/HID/Src/usbd_hid.o
 *fill*         0x0000000020000105        0x3 
 .data.USBD_HID_DeviceQualifierDesc
                0x0000000020000108        0xa ./Middlewares/ST/STM32_USB_Device_Library/Class/HID/Src/usbd_hid.o
 *fill*         0x0000000020000112        0x2 
 .data.HID_MOUSE_ReportDesc
                0x0000000020000114       0x3f ./Middlewares/ST/STM32_USB_Device_Library/Class/HID/Src/usbd_hid.o
 *fill*         0x0000000020000153        0x1 
 .data.FS_Desc  0x0000000020000154       0x1c ./USB_DEVICE/App/usbd_desc.o
                0x0000000020000154                FS_Desc
 .data.USBD_FS_DeviceDesc
                0x0000000020000170       0x12 ./USB_DEVICE/App/usbd_desc.o
                0x0000000020000170                USBD_FS_DeviceDesc
 *fill*         0x0000000020000182        0x2 
 .data.USBD_LangIDDesc
                0x0000000020000184        0x4 ./USB_DEVICE/App/usbd_desc.o
                0x0000000020000184                USBD_LangIDDesc
 .data.USBD_StringSerial
                0x0000000020000188       0x1a ./USB_DEVICE/App/usbd_desc.o
                0x0000000020000188                USBD_StringSerial
 *(.RamFunc)
 *(.RamFunc*)
                0x00000000200001a4                . = ALIGN (0x4)
 *fill*         0x00000000200001a2        0x2 
                0x00000000200001a4                _edata = .
                0x000000000800ad58                _siccmram = LOADADDR (.ccmram)

.igot.plt       0x00000000200001a4        0x0 load address 0x000000000800ad58
 .igot.plt      0x00000000200001a4        0x0 c:/st/stm32cubeide_1.8.0/stm32cubeide/plugins/com.st.stm32cube.ide.mcu.externaltools.gnu-tools-for-stm32.9-2020-q2-update.win32_2.0.0.202105311346/tools/bin/../lib/gcc/arm-none-eabi/9.3.1/thumb/v7e-m+fp/hard/crtbegin.o

.ccmram         0x0000000010000000        0x0 load address 0x000000000800ad58
                0x0000000010000000                . = ALIGN (0x4)
                0x0000000010000000                _sccmram = .
 *(.ccmram)
 *(.ccmram*)
                0x0000000010000000                . = ALIGN (0x4)
                0x0000000010000000                _eccmram = .
                0x0000000010000000                . = ALIGN (0x4)

.bss            0x00000000200001a4    0x1389c
                0x00000000200001a4                _sbss = .
                0x00000000200001a4                __bss_start__ = _sbss
 *(.bss)
 .bss           0x00000000200001a4       0x1c c:/st/stm32cubeide_1.8.0/stm32cubeide/plugins/com.st.stm32cube.ide.mcu.externaltools.gnu-tools-for-stm32.9-2020-q2-update.win32_2.0.0.202105311346/tools/bin/../lib/gcc/arm-none-eabi/9.3.1/thumb/v7e-m+fp/hard/crtbegin.o
 *(.bss*)
 .bss.xSemaphore
                0x00000000200001c0        0x4 ./Core/Src/main.o
                0x00000000200001c0                xSemaphore
 .bss.keyboardhid
                0x00000000200001c4        0x8 ./Core/Src/main.o
                0x00000000200001c4                keyboardhid
 .bss.xHandle   0x00000000200001cc        0x4 ./Core/Src/main.o
                0x00000000200001cc                xHandle
 .bss.JoyStick1_XY
                0x00000000200001d0        0x4 ./Core/Src/main.o
                0x00000000200001d0                JoyStick1_XY
 .bss.JoyStick2_XY
                0x00000000200001d4        0x4 ./Core/Src/main.o
                0x00000000200001d4                JoyStick2_XY
 .bss.hadc      0x00000000200001d8       0x90 ./ECUAL/JOYSTICK/JOYSTICK.o
 .bss.sConfig   0x0000000020000268       0x10 ./ECUAL/JOYSTICK/JOYSTICK.o
 .bss.pxCurrentTCB
                0x0000000020000278        0x4 ./FreeRTOS/tasks.o
                0x0000000020000278                pxCurrentTCB
 .bss.pxReadyTasksLists
                0x000000002000027c       0x64 ./FreeRTOS/tasks.o
 .bss.xDelayedTaskList1
                0x00000000200002e0       0x14 ./FreeRTOS/tasks.o
 .bss.xDelayedTaskList2
                0x00000000200002f4       0x14 ./FreeRTOS/tasks.o
 .bss.pxDelayedTaskList
                0x0000000020000308        0x4 ./FreeRTOS/tasks.o
 .bss.pxOverflowDelayedTaskList
                0x000000002000030c        0x4 ./FreeRTOS/tasks.o
 .bss.xPendingReadyList
                0x0000000020000310       0x14 ./FreeRTOS/tasks.o
 .bss.xTasksWaitingTermination
                0x0000000020000324       0x14 ./FreeRTOS/tasks.o
 .bss.uxDeletedTasksWaitingCleanUp
                0x0000000020000338        0x4 ./FreeRTOS/tasks.o
 .bss.xSuspendedTaskList
                0x000000002000033c       0x14 ./FreeRTOS/tasks.o
 .bss.uxCurrentNumberOfTasks
                0x0000000020000350        0x4 ./FreeRTOS/tasks.o
 .bss.xTickCount
                0x0000000020000354        0x4 ./FreeRTOS/tasks.o
 .bss.uxTopReadyPriority
                0x0000000020000358        0x4 ./FreeRTOS/tasks.o
 .bss.xSchedulerRunning
                0x000000002000035c        0x4 ./FreeRTOS/tasks.o
 .bss.uxPendedTicks
                0x0000000020000360        0x4 ./FreeRTOS/tasks.o
 .bss.xYieldPending
                0x0000000020000364        0x4 ./FreeRTOS/tasks.o
 .bss.xNumOfOverflows
                0x0000000020000368        0x4 ./FreeRTOS/tasks.o
 .bss.uxTaskNumber
                0x000000002000036c        0x4 ./FreeRTOS/tasks.o
 .bss.xNextTaskUnblockTime
                0x0000000020000370        0x4 ./FreeRTOS/tasks.o
 .bss.xIdleTaskHandle
                0x0000000020000374        0x4 ./FreeRTOS/tasks.o
 .bss.uxSchedulerSuspended
                0x0000000020000378        0x4 ./FreeRTOS/tasks.o
 .bss.xActiveTimerList1
                0x000000002000037c       0x14 ./FreeRTOS/timers.o
 .bss.xActiveTimerList2
                0x0000000020000390       0x14 ./FreeRTOS/timers.o
 .bss.pxCurrentTimerList
                0x00000000200003a4        0x4 ./FreeRTOS/timers.o
 .bss.pxOverflowTimerList
                0x00000000200003a8        0x4 ./FreeRTOS/timers.o
 .bss.xTimerQueue
                0x00000000200003ac        0x4 ./FreeRTOS/timers.o
 .bss.xTimerTaskHandle
                0x00000000200003b0        0x4 ./FreeRTOS/timers.o
 .bss.xLastTime.6861
                0x00000000200003b4        0x4 ./FreeRTOS/timers.o
 .bss.ucMaxSysCallPriority
                0x00000000200003b8        0x1 ./FreeRTOS/portable/ARM_CM4F/port.o
 *fill*         0x00000000200003b9        0x3 
 .bss.ulMaxPRIGROUPValue
                0x00000000200003bc        0x4 ./FreeRTOS/portable/ARM_CM4F/port.o
 .bss.ucHeap    0x00000000200003c0    0x12c00 ./FreeRTOS/portable/MemMang/heap_4.o
 .bss.xStart    0x0000000020012fc0        0x8 ./FreeRTOS/portable/MemMang/heap_4.o
 .bss.pxEnd     0x0000000020012fc8        0x4 ./FreeRTOS/portable/MemMang/heap_4.o
 .bss.xFreeBytesRemaining
                0x0000000020012fcc        0x4 ./FreeRTOS/portable/MemMang/heap_4.o
 .bss.xMinimumEverFreeBytesRemaining
                0x0000000020012fd0        0x4 ./FreeRTOS/portable/MemMang/heap_4.o
 .bss.xBlockAllocatedBit
                0x0000000020012fd4        0x4 ./FreeRTOS/portable/MemMang/heap_4.o
 .bss.cfgidx.11082
                0x0000000020012fd8        0x1 ./Middlewares/ST/STM32_USB_Device_Library/Core/Src/usbd_ctlreq.o
 *fill*         0x0000000020012fd9        0x3 
 .bss.mem.11119
                0x0000000020012fdc       0x14 ./USB_DEVICE/Target/usbd_conf.o
 *(COMMON)
 COMMON         0x0000000020012ff0       0xec ./Core/Src/main.o
                0x0000000020012ff0                hadc2
                0x0000000020013038                xReturned
                0x000000002001303c                hadc1
                0x0000000020013084                hspi1
 COMMON         0x00000000200130dc       0x48 ./Core/Src/stm32f4xx_hal_timebase_tim.o
                0x00000000200130dc                htim7
 COMMON         0x0000000020013124        0x4 ./Drivers/STM32F4xx_HAL_Driver/Src/stm32f4xx_hal.o
                0x0000000020013124                uwTick
 COMMON         0x0000000020013128       0x40 ./FreeRTOS/queue.o
                0x0000000020013128                xQueueRegistry
 COMMON         0x0000000020013168      0x2d0 ./USB_DEVICE/App/usb_device.o
                0x0000000020013168                hUsbDeviceFS
 COMMON         0x0000000020013438      0x200 ./USB_DEVICE/App/usbd_desc.o
                0x0000000020013438                USBD_StrDesc
 COMMON         0x0000000020013638      0x408 ./USB_DEVICE/Target/usbd_conf.o
                0x0000000020013638                hpcd_USB_OTG_FS
                0x0000000020013a40                . = ALIGN (0x4)
                0x0000000020013a40                _ebss = .
                0x0000000020013a40                __bss_end__ = _ebss

._user_heap_stack
                0x0000000020013a40      0x600
                0x0000000020013a40                . = ALIGN (0x8)
                [!provide]                        PROVIDE (end = .)
                0x0000000020013a40                PROVIDE (_end = .)
                0x0000000020013c40                . = (. + _Min_Heap_Size)
 *fill*         0x0000000020013a40      0x200 
                0x0000000020014040                . = (. + _Min_Stack_Size)
 *fill*         0x0000000020013c40      0x400 
                0x0000000020014040                . = ALIGN (0x8)

/DISCARD/
 libc.a(*)
 libm.a(*)
 libgcc.a(*)

.ARM.attributes
                0x0000000000000000       0x30
 *(.ARM.attributes)
 .ARM.attributes
                0x0000000000000000       0x1e c:/st/stm32cubeide_1.8.0/stm32cubeide/plugins/com.st.stm32cube.ide.mcu.externaltools.gnu-tools-for-stm32.9-2020-q2-update.win32_2.0.0.202105311346/tools/bin/../lib/gcc/arm-none-eabi/9.3.1/thumb/v7e-m+fp/hard/crti.o
 .ARM.attributes
                0x000000000000001e       0x34 c:/st/stm32cubeide_1.8.0/stm32cubeide/plugins/com.st.stm32cube.ide.mcu.externaltools.gnu-tools-for-stm32.9-2020-q2-update.win32_2.0.0.202105311346/tools/bin/../lib/gcc/arm-none-eabi/9.3.1/thumb/v7e-m+fp/hard/crtbegin.o
 .ARM.attributes
                0x0000000000000052       0x34 ./Core/Src/main.o
 .ARM.attributes
                0x0000000000000086       0x34 ./Core/Src/stm32f4xx_hal_msp.o
 .ARM.attributes
                0x00000000000000ba       0x34 ./Core/Src/stm32f4xx_hal_timebase_tim.o
 .ARM.attributes
                0x00000000000000ee       0x34 ./Core/Src/stm32f4xx_it.o
 .ARM.attributes
                0x0000000000000122       0x34 ./Core/Src/system_stm32f4xx.o
 .ARM.attributes
                0x0000000000000156       0x21 ./Core/Startup/startup_stm32f407vgtx.o
 .ARM.attributes
                0x0000000000000177       0x34 ./Drivers/STM32F4xx_HAL_Driver/Src/stm32f4xx_hal.o
 .ARM.attributes
                0x00000000000001ab       0x34 ./Drivers/STM32F4xx_HAL_Driver/Src/stm32f4xx_hal_adc.o
 .ARM.attributes
                0x00000000000001df       0x34 ./Drivers/STM32F4xx_HAL_Driver/Src/stm32f4xx_hal_cortex.o
 .ARM.attributes
                0x0000000000000213       0x34 ./Drivers/STM32F4xx_HAL_Driver/Src/stm32f4xx_hal_gpio.o
 .ARM.attributes
                0x0000000000000247       0x34 ./Drivers/STM32F4xx_HAL_Driver/Src/stm32f4xx_hal_pcd.o
 .ARM.attributes
                0x000000000000027b       0x34 ./Drivers/STM32F4xx_HAL_Driver/Src/stm32f4xx_hal_pcd_ex.o
 .ARM.attributes
                0x00000000000002af       0x34 ./Drivers/STM32F4xx_HAL_Driver/Src/stm32f4xx_hal_rcc.o
 .ARM.attributes
                0x00000000000002e3       0x34 ./Drivers/STM32F4xx_HAL_Driver/Src/stm32f4xx_hal_spi.o
 .ARM.attributes
                0x0000000000000317       0x34 ./Drivers/STM32F4xx_HAL_Driver/Src/stm32f4xx_hal_tim.o
 .ARM.attributes
                0x000000000000034b       0x34 ./Drivers/STM32F4xx_HAL_Driver/Src/stm32f4xx_hal_tim_ex.o
 .ARM.attributes
                0x000000000000037f       0x34 ./Drivers/STM32F4xx_HAL_Driver/Src/stm32f4xx_ll_usb.o
 .ARM.attributes
                0x00000000000003b3       0x34 ./ECUAL/JOYSTICK/JOYSTICK.o
 .ARM.attributes
                0x00000000000003e7       0x39 ./ECUAL/JOYSTICK/JOYSTICK_cfg.o
 .ARM.attributes
                0x0000000000000420       0x34 ./FreeRTOS/list.o
 .ARM.attributes
                0x0000000000000454       0x34 ./FreeRTOS/queue.o
 .ARM.attributes
                0x0000000000000488       0x34 ./FreeRTOS/tasks.o
 .ARM.attributes
                0x00000000000004bc       0x34 ./FreeRTOS/timers.o
 .ARM.attributes
                0x00000000000004f0       0x34 ./FreeRTOS/portable/ARM_CM4F/port.o
 .ARM.attributes
                0x0000000000000524       0x34 ./FreeRTOS/portable/MemMang/heap_4.o
 .ARM.attributes
                0x0000000000000558       0x34 ./Middlewares/ST/STM32_USB_Device_Library/Class/HID/Src/usbd_hid.o
 .ARM.attributes
                0x000000000000058c       0x34 ./Middlewares/ST/STM32_USB_Device_Library/Core/Src/usbd_core.o
 .ARM.attributes
                0x00000000000005c0       0x34 ./Middlewares/ST/STM32_USB_Device_Library/Core/Src/usbd_ctlreq.o
 .ARM.attributes
                0x00000000000005f4       0x34 ./Middlewares/ST/STM32_USB_Device_Library/Core/Src/usbd_ioreq.o
 .ARM.attributes
                0x0000000000000628       0x34 ./USB_DEVICE/App/usb_device.o
 .ARM.attributes
                0x000000000000065c       0x34 ./USB_DEVICE/App/usbd_desc.o
 .ARM.attributes
                0x0000000000000690       0x34 ./USB_DEVICE/Target/usbd_conf.o
 .ARM.attributes
                0x00000000000006c4       0x34 c:/st/stm32cubeide_1.8.0/stm32cubeide/plugins/com.st.stm32cube.ide.mcu.externaltools.gnu-tools-for-stm32.9-2020-q2-update.win32_2.0.0.202105311346/tools/bin/../lib/gcc/arm-none-eabi/9.3.1/../../../../arm-none-eabi/lib/thumb/v7e-m+fp/hard\libc_nano.a(lib_a-init.o)
 .ARM.attributes
                0x00000000000006f8       0x34 c:/st/stm32cubeide_1.8.0/stm32cubeide/plugins/com.st.stm32cube.ide.mcu.externaltools.gnu-tools-for-stm32.9-2020-q2-update.win32_2.0.0.202105311346/tools/bin/../lib/gcc/arm-none-eabi/9.3.1/../../../../arm-none-eabi/lib/thumb/v7e-m+fp/hard\libc_nano.a(lib_a-memcpy-stub.o)
 .ARM.attributes
                0x000000000000072c       0x34 c:/st/stm32cubeide_1.8.0/stm32cubeide/plugins/com.st.stm32cube.ide.mcu.externaltools.gnu-tools-for-stm32.9-2020-q2-update.win32_2.0.0.202105311346/tools/bin/../lib/gcc/arm-none-eabi/9.3.1/../../../../arm-none-eabi/lib/thumb/v7e-m+fp/hard\libc_nano.a(lib_a-memset.o)
 .ARM.attributes
                0x0000000000000760       0x1e c:/st/stm32cubeide_1.8.0/stm32cubeide/plugins/com.st.stm32cube.ide.mcu.externaltools.gnu-tools-for-stm32.9-2020-q2-update.win32_2.0.0.202105311346/tools/bin/../lib/gcc/arm-none-eabi/9.3.1/thumb/v7e-m+fp/hard\libgcc.a(_aeabi_uldivmod.o)
 .ARM.attributes
                0x000000000000077e       0x34 c:/st/stm32cubeide_1.8.0/stm32cubeide/plugins/com.st.stm32cube.ide.mcu.externaltools.gnu-tools-for-stm32.9-2020-q2-update.win32_2.0.0.202105311346/tools/bin/../lib/gcc/arm-none-eabi/9.3.1/thumb/v7e-m+fp/hard\libgcc.a(_udivmoddi4.o)
 .ARM.attributes
                0x00000000000007b2       0x1e c:/st/stm32cubeide_1.8.0/stm32cubeide/plugins/com.st.stm32cube.ide.mcu.externaltools.gnu-tools-for-stm32.9-2020-q2-update.win32_2.0.0.202105311346/tools/bin/../lib/gcc/arm-none-eabi/9.3.1/thumb/v7e-m+fp/hard\libgcc.a(_dvmd_tls.o)
 .ARM.attributes
                0x00000000000007d0       0x1e c:/st/stm32cubeide_1.8.0/stm32cubeide/plugins/com.st.stm32cube.ide.mcu.externaltools.gnu-tools-for-stm32.9-2020-q2-update.win32_2.0.0.202105311346/tools/bin/../lib/gcc/arm-none-eabi/9.3.1/thumb/v7e-m+fp/hard/crtn.o
OUTPUT(FreeRTOS_Project.elf elf32-littlearm)
LOAD linker stubs
LOAD c:/st/stm32cubeide_1.8.0/stm32cubeide/plugins/com.st.stm32cube.ide.mcu.externaltools.gnu-tools-for-stm32.9-2020-q2-update.win32_2.0.0.202105311346/tools/bin/../lib/gcc/arm-none-eabi/9.3.1/../../../../arm-none-eabi/lib/thumb/v7e-m+fp/hard\libc.a
LOAD c:/st/stm32cubeide_1.8.0/stm32cubeide/plugins/com.st.stm32cube.ide.mcu.externaltools.gnu-tools-for-stm32.9-2020-q2-update.win32_2.0.0.202105311346/tools/bin/../lib/gcc/arm-none-eabi/9.3.1/../../../../arm-none-eabi/lib/thumb/v7e-m+fp/hard\libm.a
LOAD c:/st/stm32cubeide_1.8.0/stm32cubeide/plugins/com.st.stm32cube.ide.mcu.externaltools.gnu-tools-for-stm32.9-2020-q2-update.win32_2.0.0.202105311346/tools/bin/../lib/gcc/arm-none-eabi/9.3.1/thumb/v7e-m+fp/hard\libgcc.a

.debug_info     0x0000000000000000    0x22af1
 .debug_info    0x0000000000000000     0x25e0 ./Core/Src/main.o
 .debug_info    0x00000000000025e0      0xd89 ./Core/Src/stm32f4xx_hal_msp.o
 .debug_info    0x0000000000003369      0xc6c ./Core/Src/stm32f4xx_hal_timebase_tim.o
 .debug_info    0x0000000000003fd5      0xc6d ./Core/Src/stm32f4xx_it.o
 .debug_info    0x0000000000004c42      0x5a4 ./Core/Src/system_stm32f4xx.o
 .debug_info    0x00000000000051e6       0x22 ./Core/Startup/startup_stm32f407vgtx.o
 .debug_info    0x0000000000005208      0x9b2 ./Drivers/STM32F4xx_HAL_Driver/Src/stm32f4xx_hal.o
 .debug_info    0x0000000000005bba      0xdbc ./Drivers/STM32F4xx_HAL_Driver/Src/stm32f4xx_hal_adc.o
 .debug_info    0x0000000000006976      0xed7 ./Drivers/STM32F4xx_HAL_Driver/Src/stm32f4xx_hal_cortex.o
 .debug_info    0x000000000000784d      0x83e ./Drivers/STM32F4xx_HAL_Driver/Src/stm32f4xx_hal_gpio.o
 .debug_info    0x000000000000808b     0x12dd ./Drivers/STM32F4xx_HAL_Driver/Src/stm32f4xx_hal_pcd.o
 .debug_info    0x0000000000009368      0x7c3 ./Drivers/STM32F4xx_HAL_Driver/Src/stm32f4xx_hal_pcd_ex.o
 .debug_info    0x0000000000009b2b      0x996 ./Drivers/STM32F4xx_HAL_Driver/Src/stm32f4xx_hal_rcc.o
 .debug_info    0x000000000000a4c1     0x17c0 ./Drivers/STM32F4xx_HAL_Driver/Src/stm32f4xx_hal_spi.o
 .debug_info    0x000000000000bc81     0x2c22 ./Drivers/STM32F4xx_HAL_Driver/Src/stm32f4xx_hal_tim.o
 .debug_info    0x000000000000e8a3     0x15a2 ./Drivers/STM32F4xx_HAL_Driver/Src/stm32f4xx_hal_tim_ex.o
 .debug_info    0x000000000000fe45     0x1ab4 ./Drivers/STM32F4xx_HAL_Driver/Src/stm32f4xx_ll_usb.o
 .debug_info    0x00000000000118f9      0xb6d ./ECUAL/JOYSTICK/JOYSTICK.o
 .debug_info    0x0000000000012466      0x3fc ./ECUAL/JOYSTICK/JOYSTICK_cfg.o
 .debug_info    0x0000000000012862      0xb82 ./FreeRTOS/list.o
 .debug_info    0x00000000000133e4     0x1f3f ./FreeRTOS/queue.o
 .debug_info    0x0000000000015323     0x274b ./FreeRTOS/tasks.o
 .debug_info    0x0000000000017a6e     0x1501 ./FreeRTOS/timers.o
 .debug_info    0x0000000000018f6f      0x4f1 ./FreeRTOS/portable/ARM_CM4F/port.o
 .debug_info    0x0000000000019460      0xc79 ./FreeRTOS/portable/MemMang/heap_4.o
 .debug_info    0x000000000001a0d9     0x12c6 ./Middlewares/ST/STM32_USB_Device_Library/Class/HID/Src/usbd_hid.o
 .debug_info    0x000000000001b39f     0x13a7 ./Middlewares/ST/STM32_USB_Device_Library/Core/Src/usbd_core.o
 .debug_info    0x000000000001c746     0x1373 ./Middlewares/ST/STM32_USB_Device_Library/Core/Src/usbd_ctlreq.o
 .debug_info    0x000000000001dab9     0x1095 ./Middlewares/ST/STM32_USB_Device_Library/Core/Src/usbd_ioreq.o
 .debug_info    0x000000000001eb4e      0xf16 ./USB_DEVICE/App/usb_device.o
 .debug_info    0x000000000001fa64      0xdfa ./USB_DEVICE/App/usbd_desc.o
 .debug_info    0x000000000002085e     0x2293 ./USB_DEVICE/Target/usbd_conf.o

.debug_abbrev   0x0000000000000000     0x4a3a
 .debug_abbrev  0x0000000000000000      0x331 ./Core/Src/main.o
 .debug_abbrev  0x0000000000000331      0x1ac ./Core/Src/stm32f4xx_hal_msp.o
 .debug_abbrev  0x00000000000004dd      0x1bf ./Core/Src/stm32f4xx_hal_timebase_tim.o
 .debug_abbrev  0x000000000000069c      0x1c7 ./Core/Src/stm32f4xx_it.o
 .debug_abbrev  0x0000000000000863      0x145 ./Core/Src/system_stm32f4xx.o
 .debug_abbrev  0x00000000000009a8       0x12 ./Core/Startup/startup_stm32f407vgtx.o
 .debug_abbrev  0x00000000000009ba      0x1ed ./Drivers/STM32F4xx_HAL_Driver/Src/stm32f4xx_hal.o
 .debug_abbrev  0x0000000000000ba7      0x22f ./Drivers/STM32F4xx_HAL_Driver/Src/stm32f4xx_hal_adc.o
 .debug_abbrev  0x0000000000000dd6      0x33c ./Drivers/STM32F4xx_HAL_Driver/Src/stm32f4xx_hal_cortex.o
 .debug_abbrev  0x0000000000001112      0x1f1 ./Drivers/STM32F4xx_HAL_Driver/Src/stm32f4xx_hal_gpio.o
 .debug_abbrev  0x0000000000001303      0x2a0 ./Drivers/STM32F4xx_HAL_Driver/Src/stm32f4xx_hal_pcd.o
 .debug_abbrev  0x00000000000015a3      0x1fb ./Drivers/STM32F4xx_HAL_Driver/Src/stm32f4xx_hal_pcd_ex.o
 .debug_abbrev  0x000000000000179e      0x275 ./Drivers/STM32F4xx_HAL_Driver/Src/stm32f4xx_hal_rcc.o
 .debug_abbrev  0x0000000000001a13      0x26e ./Drivers/STM32F4xx_HAL_Driver/Src/stm32f4xx_hal_spi.o
 .debug_abbrev  0x0000000000001c81      0x25e ./Drivers/STM32F4xx_HAL_Driver/Src/stm32f4xx_hal_tim.o
 .debug_abbrev  0x0000000000001edf      0x266 ./Drivers/STM32F4xx_HAL_Driver/Src/stm32f4xx_hal_tim_ex.o
 .debug_abbrev  0x0000000000002145      0x2a7 ./Drivers/STM32F4xx_HAL_Driver/Src/stm32f4xx_ll_usb.o
 .debug_abbrev  0x00000000000023ec      0x1ac ./ECUAL/JOYSTICK/JOYSTICK.o
 .debug_abbrev  0x0000000000002598      0x127 ./ECUAL/JOYSTICK/JOYSTICK_cfg.o
 .debug_abbrev  0x00000000000026bf      0x1f7 ./FreeRTOS/list.o
 .debug_abbrev  0x00000000000028b6      0x362 ./FreeRTOS/queue.o
 .debug_abbrev  0x0000000000002c18      0x39c ./FreeRTOS/tasks.o
 .debug_abbrev  0x0000000000002fb4      0x2fd ./FreeRTOS/timers.o
 .debug_abbrev  0x00000000000032b1      0x231 ./FreeRTOS/portable/ARM_CM4F/port.o
 .debug_abbrev  0x00000000000034e2      0x2d3 ./FreeRTOS/portable/MemMang/heap_4.o
 .debug_abbrev  0x00000000000037b5      0x2d7 ./Middlewares/ST/STM32_USB_Device_Library/Class/HID/Src/usbd_hid.o
 .debug_abbrev  0x0000000000003a8c      0x2b7 ./Middlewares/ST/STM32_USB_Device_Library/Core/Src/usbd_core.o
 .debug_abbrev  0x0000000000003d43      0x2fc ./Middlewares/ST/STM32_USB_Device_Library/Core/Src/usbd_ctlreq.o
 .debug_abbrev  0x000000000000403f      0x22a ./Middlewares/ST/STM32_USB_Device_Library/Core/Src/usbd_ioreq.o
 .debug_abbrev  0x0000000000004269      0x1fb ./USB_DEVICE/App/usb_device.o
 .debug_abbrev  0x0000000000004464      0x2aa ./USB_DEVICE/App/usbd_desc.o
 .debug_abbrev  0x000000000000470e      0x32c ./USB_DEVICE/Target/usbd_conf.o

.debug_aranges  0x0000000000000000     0x1858
 .debug_aranges
                0x0000000000000000       0x90 ./Core/Src/main.o
 .debug_aranges
                0x0000000000000090       0x40 ./Core/Src/stm32f4xx_hal_msp.o
 .debug_aranges
                0x00000000000000d0       0x30 ./Core/Src/stm32f4xx_hal_timebase_tim.o
 .debug_aranges
                0x0000000000000100       0x60 ./Core/Src/stm32f4xx_it.o
 .debug_aranges
                0x0000000000000160       0x28 ./Core/Src/system_stm32f4xx.o
 .debug_aranges
                0x0000000000000188       0x28 ./Core/Startup/startup_stm32f407vgtx.o
 .debug_aranges
                0x00000000000001b0       0xf0 ./Drivers/STM32F4xx_HAL_Driver/Src/stm32f4xx_hal.o
 .debug_aranges
                0x00000000000002a0       0xe8 ./Drivers/STM32F4xx_HAL_Driver/Src/stm32f4xx_hal_adc.o
 .debug_aranges
                0x0000000000000388      0x118 ./Drivers/STM32F4xx_HAL_Driver/Src/stm32f4xx_hal_cortex.o
 .debug_aranges
                0x00000000000004a0       0x58 ./Drivers/STM32F4xx_HAL_Driver/Src/stm32f4xx_hal_gpio.o
 .debug_aranges
                0x00000000000004f8      0x138 ./Drivers/STM32F4xx_HAL_Driver/Src/stm32f4xx_hal_pcd.o
 .debug_aranges
                0x0000000000000630       0x38 ./Drivers/STM32F4xx_HAL_Driver/Src/stm32f4xx_hal_pcd_ex.o
 .debug_aranges
                0x0000000000000668       0x88 ./Drivers/STM32F4xx_HAL_Driver/Src/stm32f4xx_hal_rcc.o
 .debug_aranges
                0x00000000000006f0      0x1d0 ./Drivers/STM32F4xx_HAL_Driver/Src/stm32f4xx_hal_spi.o
 .debug_aranges
                0x00000000000008c0      0x3d0 ./Drivers/STM32F4xx_HAL_Driver/Src/stm32f4xx_hal_tim.o
 .debug_aranges
                0x0000000000000c90      0x168 ./Drivers/STM32F4xx_HAL_Driver/Src/stm32f4xx_hal_tim_ex.o
 .debug_aranges